 ScratchApp_x64

 Timestamp is 60b5540f (Mon May 31 23:24:31 2021)

 Preferred load address is 0000000140000000

 Start         Length     Name                   Class
 0001:00000000 0000d780H .text$mn                CODE
 0001:0000d780 00000040H .text$mn$00             CODE
 0001:0000d7c0 00000290H .text$x                 CODE
 0002:00000000 000002c0H .idata$5                DATA
 0002:000002c0 00000028H .00cfg                  DATA
 0002:000002e8 00000008H .CRT$XCA                DATA
 0002:000002f0 00000008H .CRT$XCAA               DATA
 0002:000002f8 00000008H .CRT$XCZ                DATA
 0002:00000300 00000008H .CRT$XIA                DATA
 0002:00000308 00000008H .CRT$XIAA               DATA
 0002:00000310 00000008H .CRT$XIAC               DATA
 0002:00000318 00000020H .CRT$XIC                DATA
 0002:00000338 00000008H .CRT$XIZ                DATA
 0002:00000340 00000008H .CRT$XPA                DATA
 0002:00000348 00000010H .CRT$XPX                DATA
 0002:00000358 00000008H .CRT$XPXA               DATA
 0002:00000360 00000008H .CRT$XPZ                DATA
 0002:00000368 00000008H .CRT$XTA                DATA
 0002:00000370 00000010H .CRT$XTZ                DATA
 0002:00000378 00000000H .gehcont$y              DATA
 0002:00000378 00000000H .gfids$y                DATA
 0002:00000380 00007580H .rdata                  DATA
 0002:00007900 00000000H .rdata$CastGuardVftablesA DATA
 0002:00007900 00000000H .rdata$CastGuardVftablesC DATA
 0002:00007900 00000000H .rdata$r                DATA
 0002:00007900 000002f0H .rdata$zzzdbg           DATA
 0002:00007bf0 00000008H .rtc$IAA                DATA
 0002:00007bf8 00000008H .rtc$IZZ                DATA
 0002:00007c00 00000008H .rtc$TAA                DATA
 0002:00007c08 00000008H .rtc$TZZ                DATA
 0002:00007c10 00000ba0H .xdata                  DATA
 0002:000087b0 00000000H .xdata$x                DATA
 0002:000087b0 00000000H .edata                  DATA
 0002:000087b0 00000050H .idata$2                DATA
 0002:00008800 00000018H .idata$3                DATA
 0002:00008818 000002c0H .idata$4                DATA
 0002:00008ad8 00000626H .idata$6                DATA
 0003:00000000 0000cff0H .data                   DATA
 0003:0000cff0 00000000H .data$r                 DATA
 0003:0000cff0 00000000H .data$rs                DATA
 0003:0000cff0 00001268H .bss                    DATA
 0004:00000000 00000e58H .pdata                  DATA
 0005:00000000 000000fcH _RDATA                  DATA

  Address         Publics by Value              Rva+Base               Lib:Object

 0000:00000000       __guard_longjmp_table      0000000000000000     <absolute>
 0000:00000000       __volatile_metadata        0000000000000000     <absolute>
 0000:00000000       __arm64x_extra_rfe_table_size 0000000000000000     <absolute>
 0000:00000000       ___safe_se_handler_table   0000000000000000     <absolute>
 0000:00000000       __x64_code_ranges_to_entry_points 0000000000000000     <absolute>
 0000:00000000       ___safe_se_handler_count   0000000000000000     <absolute>
 0000:00000000       __x64_code_ranges_to_entry_points_count 0000000000000000     <absolute>
 0000:00000000       __arm64x_redirection_metadata 0000000000000000     <absolute>
 0000:00000000       __guard_iat_table          0000000000000000     <absolute>
 0000:00000000       __hybrid_code_map          0000000000000000     <absolute>
 0000:00000000       __guard_iat_count          0000000000000000     <absolute>
 0000:00000000       __guard_longjmp_count      0000000000000000     <absolute>
 0000:00000000       __guard_eh_cont_count      0000000000000000     <absolute>
 0000:00000000       __dynamic_value_reloc_table 0000000000000000     <absolute>
 0000:00000000       __hybrid_auxiliary_iat     0000000000000000     <absolute>
 0000:00000000       __hybrid_auxiliary_iat_copy 0000000000000000     <absolute>
 0000:00000000       __guard_fids_count         0000000000000000     <absolute>
 0000:00000000       __AbsoluteZero             0000000000000000     <absolute>
 0000:00000000       __guard_check_icall_a64n_fptr 0000000000000000     <absolute>
 0000:00000000       __guard_fids_table         0000000000000000     <absolute>
 0000:00000000       __arm64x_redirection_metadata_count 0000000000000000     <absolute>
 0000:00000000       __enclave_config           0000000000000000     <absolute>
 0000:00000000       __guard_eh_cont_table      0000000000000000     <absolute>
 0000:00000000       __arm64x_native_entrypoint 0000000000000000     <absolute>
 0000:00000000       __arm64x_extra_rfe_table   0000000000000000     <absolute>
 0000:00000000       __hybrid_code_map_count    0000000000000000     <absolute>
 0000:00000100       __guard_flags              0000000000000100     <absolute>
 0000:00000000       __ImageBase                0000000140000000     <linker-defined>
 0001:00000000       WinMain                    0000000140001000 f   win32_main.obj
 0001:00001790       ?DEBUGPlatformFreeFileMemory@@YAXPEAX@Z 0000000140002790 f   win32_main.obj
 0001:000017c0       ?DEBUGPlatformReadEntireFile@@YA?AUdebug_read_file_result@@PEAD@Z 00000001400027c0 f   win32_main.obj
 0001:00001bf0       ?DEBUGPlatformWriteFileMemory@@YAHPEADIPEAX@Z 0000000140002bf0 f   win32_main.obj
 0001:00002540       ?FloorFloat32ToInt32@@YAHM@Z 0000000140003540 f i win32_main.obj
 0001:00002570       ?QPCElapsedInMS@@YAN_J00@Z 0000000140003570 f i win32_main.obj
 0001:000025d0       ?ReturnQPC@@YA_JXZ         00000001400035d0 f i win32_main.obj
 0001:00002610       ?RoundFloat32ToInt32@@YAHM@Z 0000000140003610 f i win32_main.obj
 0001:00002640       ?RoundFloat32ToUInt32@@YAIM@Z 0000000140003640 f i win32_main.obj
 0001:00002680       ?SafeTruncateUInt64@@YAI_K@Z 0000000140003680 f i win32_main.obj
 0001:000026b0       ?Win32ProcessKeyboardMessage@@YAXPEAUapp_button_state@@H@Z 00000001400036b0 f i win32_main.obj
 0001:000026c8       __GSHandlerCheck           00000001400036c8 f   LIBCMT:gshandler.obj
 0001:000026e8       __GSHandlerCheckCommon     00000001400036e8 f   LIBCMT:gshandler.obj
 0001:00002760       __security_check_cookie    0000000140003760 f   LIBCMT:amdsecgs.obj
 0001:000029dc       WinMainCRTStartup          00000001400039dc f   LIBCMT:exe_winmain.obj
 0001:000029f0       __raise_securityfailure    00000001400039f0 f   LIBCMT:gs_report.obj
 0001:00002a24       __report_gsfailure         0000000140003a24 f   LIBCMT:gs_report.obj
 0001:00002af8       __report_rangecheckfailure 0000000140003af8 f   LIBCMT:gs_report.obj
 0001:00002b0c       __report_securityfailure   0000000140003b0c f   LIBCMT:gs_report.obj
 0001:00002c8c       __scrt_acquire_startup_lock 0000000140003c8c f   LIBCMT:utility.obj
 0001:00002cc8       __scrt_initialize_crt      0000000140003cc8 f   LIBCMT:utility.obj
 0001:00002d14       __scrt_initialize_onexit_tables 0000000140003d14 f   LIBCMT:utility.obj
 0001:00002da0       __scrt_is_nonwritable_in_current_image 0000000140003da0 f   LIBCMT:utility.obj
 0001:00002e38       __scrt_release_startup_lock 0000000140003e38 f   LIBCMT:utility.obj
 0001:00002e5c       __scrt_uninitialize_crt    0000000140003e5c f   LIBCMT:utility.obj
 0001:00002e88       _onexit                    0000000140003e88 f   LIBCMT:utility.obj
 0001:00002ec4       atexit                     0000000140003ec4 f   LIBCMT:utility.obj
 0001:00002edc       __security_init_cookie     0000000140003edc f   LIBCMT:gs_support.obj
 0001:00002f88       _get_startup_thread_locale_mode 0000000140003f88 f   LIBCMT:thread_locale.obj
 0001:00002f88       __scrt_exe_initialize_mta  0000000140003f88 f   LIBCMT:utility_desktop.obj
 0001:00002f88       _get_startup_commit_mode   0000000140003f88 f   LIBCMT:commit_mode.obj
 0001:00002f88       __scrt_stub_for_initialize_mta 0000000140003f88 f   LIBCMT:utility_desktop.obj
 0001:00002f88       __scrt_initialize_winrt    0000000140003f88 f   LIBCMT:utility_desktop.obj
 0001:00002f88       _matherr                   0000000140003f88 f   LIBCMT:matherr.obj
 0001:00002f88       _get_startup_new_mode      0000000140003f88 f   LIBCMT:new_mode.obj
 0001:00002f8c       _get_startup_argv_mode     0000000140003f8c f   LIBCMT:argv_mode.obj
 0001:00002f94       _get_startup_file_mode     0000000140003f94 f   LIBCMT:file_mode.obj
 0001:00002f9c       ?__scrt_initialize_type_info@@YAXXZ 0000000140003f9c f   LIBCMT:tncleanup.obj
 0001:00002fac       _should_initialize_environment 0000000140003fac f   LIBCMT:env_mode.obj
 0001:00002fac       __acrt_uninitialize_command_line 0000000140003fac f   libucrt:argv_data.obj
 0001:00002fb0       _initialize_invalid_parameter_handler 0000000140003fb0 f   LIBCMT:invalid_parameter_handler.obj
 0001:00002fb0       _guard_check_icall_nop     0000000140003fb0 f   LIBCMT:guard_support.obj
 0001:00002fb0       _initialize_denormal_control 0000000140003fb0 f   LIBCMT:denormal_control.obj
 0001:00002fb4       __local_stdio_printf_options 0000000140003fb4 f i LIBCMT:default_local_stdio_options.obj
 0001:00002fbc       __local_stdio_scanf_options 0000000140003fbc f i LIBCMT:default_local_stdio_options.obj
 0001:00002fc4       __scrt_initialize_default_local_stdio_options 0000000140003fc4 f   LIBCMT:default_local_stdio_options.obj
 0001:00002fe0       __scrt_is_user_matherr_present 0000000140003fe0 f   LIBCMT:matherr_detection.obj
 0001:00002fec       __scrt_get_dyn_tls_init_callback 0000000140003fec f   LIBCMT:dyn_tls_init.obj
 0001:00002ff4       __scrt_get_dyn_tls_dtor_callback 0000000140003ff4 f   LIBCMT:dyn_tls_dtor.obj
 0001:00002ffc       __crt_debugger_hook        0000000140003ffc f   LIBCMT:utility_desktop.obj
 0001:00003004       __scrt_fastfail            0000000140004004 f   LIBCMT:utility_desktop.obj
 0001:00003150       __scrt_get_show_window_mode 0000000140004150 f   LIBCMT:utility_desktop.obj
 0001:0000318c       __scrt_initialize_mta      000000014000418c f   LIBCMT:utility_desktop.obj
 0001:00003194       __scrt_is_managed_app      0000000140004194 f   LIBCMT:utility_desktop.obj
 0001:000031e8       __scrt_set_unhandled_exception_filter 00000001400041e8 f   LIBCMT:utility_desktop.obj
 0001:000031f8       __scrt_unhandled_exception_filter 00000001400041f8 f   LIBCMT:utility_desktop.obj
 0001:00003254       _RTC_Initialize            0000000140004254 f   LIBCMT:initsect.obj
 0001:00003290       _RTC_Terminate             0000000140004290 f   LIBCMT:initsect.obj
 0001:000032cc       __isa_available_init       00000001400042cc f   LIBCMT:cpu_disp.obj
 0001:00003470       __scrt_is_ucrt_dll_in_use  0000000140004470 f   LIBCMT:ucrt_detection.obj
 0001:00003480       __C_specific_handler       0000000140004480 f   libvcruntime:riscchandler.obj
 0001:0000368c       __vcrt_initialize          000000014000468c f   libvcruntime:initialization.obj
 0001:000036b4       __vcrt_uninitialize        00000001400046b4 f   libvcruntime:initialization.obj
 0001:000036d0       __DestructExceptionObject  00000001400046d0 f   libvcruntime:ehhelpers.obj
 0001:00003740       ?_CallMemberFunction0@@YAXQEAX0@Z 0000000140004740 f i libvcruntime:ehhelpers.obj
 0001:00003744       __current_exception        0000000140004744 f   libvcruntime:ehhelpers.obj
 0001:00003758       __current_exception_context 0000000140004758 f   libvcruntime:ehhelpers.obj
 0001:00003780       memset_repmovs             0000000140004780 f   libvcruntime:memset.obj
 0001:000037a0       memset                     00000001400047a0 f   libvcruntime:memset.obj
 0001:00003940       _NLG_Notify                0000000140004940 f   libvcruntime:notify.obj
 0001:00003960       __NLG_Dispatch2            0000000140004960 f   libvcruntime:notify.obj
 0001:00003970       __NLG_Return2              0000000140004970 f   libvcruntime:notify.obj
 0001:00003974       __except_validate_context_record 0000000140004974 f   libvcruntime:jbcxrval.obj
 0001:000039ac       __vcrt_freefls             00000001400049ac f   libvcruntime:per_thread_data.obj
 0001:000039cc       __vcrt_getptd              00000001400049cc f   libvcruntime:per_thread_data.obj
 0001:000039e8       __vcrt_getptd_noexit       00000001400049e8 f   libvcruntime:per_thread_data.obj
 0001:00003aa8       __vcrt_initialize_ptd      0000000140004aa8 f   libvcruntime:per_thread_data.obj
 0001:00003af0       __vcrt_uninitialize_ptd    0000000140004af0 f   libvcruntime:per_thread_data.obj
 0001:00003b14       __vcrt_initialize_locks    0000000140004b14 f   libvcruntime:locks.obj
 0001:00003b48       __vcrt_uninitialize_locks  0000000140004b48 f   libvcruntime:locks.obj
 0001:00003ccc       __vcrt_FlsAlloc            0000000140004ccc f   libvcruntime:winapi_downlevel.obj
 0001:00003d14       __vcrt_FlsFree             0000000140004d14 f   libvcruntime:winapi_downlevel.obj
 0001:00003d5c       __vcrt_FlsGetValue         0000000140004d5c f   libvcruntime:winapi_downlevel.obj
 0001:00003da4       __vcrt_FlsSetValue         0000000140004da4 f   libvcruntime:winapi_downlevel.obj
 0001:00003df8       __vcrt_InitializeCriticalSectionEx 0000000140004df8 f   libvcruntime:winapi_downlevel.obj
 0001:00003e70       memcpy_repmovs             0000000140004e70 f   libvcruntime:memcpy.obj
 0001:00003e90       memcpy                     0000000140004e90 f   libvcruntime:memcpy.obj
 0001:00003e90       memmove                    0000000140004e90 f   libvcruntime:memcpy.obj
 0001:00004520       _CallSettingFrame          0000000140005520 f   libvcruntime:handlers.obj
 0001:00004570       _CallSettingFrame_LookupContinuationIndex 0000000140005570 f   libvcruntime:handlers.obj
 0001:000045a0       _CallSettingFrame_NotifyContinuationAddr 00000001400055a0 f   libvcruntime:handlers.obj
 0001:000045d0       _CallSettingFrameEncoded   00000001400055d0 f   libvcruntime:handlers.obj
 0001:00004618       roundf                     0000000140005618 f   libucrt:roundf.obj
 0001:00004680       floorf                     0000000140005680 f   libucrt:floorf.obj
 0001:000046fc       _seh_filter_exe            00000001400056fc f   libucrt:exception_filter.obj
 0001:00004880       _query_app_type            0000000140005880 f   libucrt:report_runtime_error.obj
 0001:00004888       _set_app_type              0000000140005888 f   libucrt:report_runtime_error.obj
 0001:00004890       __acrt_has_user_matherr    0000000140005890 f   libucrt:matherr.obj
 0001:000048b0       __acrt_initialize_user_matherr 00000001400058b0 f   libucrt:matherr.obj
 0001:000048b8       __acrt_invoke_user_matherr 00000001400058b8 f   libucrt:matherr.obj
 0001:000048e8       __setusermatherr           00000001400058e8 f   libucrt:matherr.obj
 0001:00004ad0       __acrt_allocate_buffer_for_argv 0000000140005ad0 f   libucrt:argv_parsing.obj
 0001:00004b30       _configure_narrow_argv     0000000140005b30 f   libucrt:argv_parsing.obj
 0001:00004ea8       __dcrt_uninitialize_environments_nolock 0000000140005ea8 f   libucrt:environment_initialization.obj
 0001:00004ee0       _initialize_narrow_environment 0000000140005ee0 f   libucrt:environment_initialization.obj
 0001:00004ee8       _get_narrow_winmain_command_line 0000000140005ee8 f   libucrt:argv_winmain.obj
 0001:00004f58       _initterm                  0000000140005f58 f   libucrt:initterm.obj
 0001:00004fbc       _initterm_e                0000000140005fbc f   libucrt:initterm.obj
 0001:00005268       __acrt_initialize_thread_local_exit_callback 0000000140006268 f   libucrt:exit.obj
 0001:00005270       _c_exit                    0000000140006270 f   libucrt:exit.obj
 0001:00005280       _cexit                     0000000140006280 f   libucrt:exit.obj
 0001:00005290       _exit                      0000000140006290 f   libucrt:exit.obj
 0001:0000529c       _register_thread_local_exe_atexit_callback 000000014000629c f   libucrt:exit.obj
 0001:000052d8       exit                       00000001400062d8 f   libucrt:exit.obj
 0001:000052e4       _set_fmode                 00000001400062e4 f   libucrt:setmode.obj
 0001:00005394       __acrt_set_locale_changed  0000000140006394 f   libucrt:wsetlocale.obj
 0001:000053a0       __acrt_uninitialize_locale 00000001400063a0 f   libucrt:wsetlocale.obj
 0001:000053d0       _configthreadlocale        00000001400063d0 f   libucrt:wsetlocale.obj
 0001:0000543c       _query_new_mode            000000014000643c f   libucrt:new_mode.obj
 0001:00005444       _set_new_mode              0000000140006444 f   libucrt:new_mode.obj
 0001:00005470       __p__commode               0000000140006470 f   libucrt:ncommode.obj
 0001:000057b8       _crt_atexit                00000001400067b8 f   libucrt:onexit.obj
 0001:000057c8       _execute_onexit_table      00000001400067c8 f   libucrt:onexit.obj
 0001:00005804       _initialize_onexit_table   0000000140006804 f   libucrt:onexit.obj
 0001:0000582c       _register_onexit_function  000000014000682c f   libucrt:onexit.obj
 0001:000059a0       __acrt_initialize          00000001400069a0 f   libucrt:initialization.obj
 0001:000059b4       __acrt_uninitialize        00000001400069b4 f   libucrt:initialization.obj
 0001:000059ec       terminate                  00000001400069ec f   libucrt:terminate.obj
 0001:00005a0c       free                       0000000140006a0c f   libucrt:free.obj
 0001:00005a20       strcpy_s                   0000000140006a20 f   libucrt:strcpy_s.obj
 0001:00005a80       abort                      0000000140006a80 f   libucrt:abort.obj
 0001:00005ad8       calloc                     0000000140006ad8 f   libucrt:calloc.obj
 0001:00005ae0       ??0_LocaleUpdate@@QEAA@QEAU__crt_locale_pointers@@@Z 0000000140006ae0 f i libucrt:output.obj
 0001:00005b90       strncmp                    0000000140006b90 f   libucrt:strncmp.obj
 0001:00005c10       wcsncmp                    0000000140006c10 f   libucrt:wcsncmp.obj
 0001:00005c3c       _fd_int                    0000000140006c3c f   libucrt:_test.obj
 0001:00005e38       _handle_error              0000000140006e38 f   libucrt:libm_error.obj
 0001:00005f60       _handle_nanf               0000000140006f60 f   libucrt:libm_error.obj
 0001:000062e8       __acrt_getptd              00000001400072e8 f   libucrt:per_thread_data.obj
 0001:000063bc       __acrt_getptd_head         00000001400073bc f   libucrt:per_thread_data.obj
 0001:00006464       __acrt_getptd_noexit       0000000140007464 f   libucrt:per_thread_data.obj
 0001:00006530       __acrt_initialize_ptd      0000000140007530 f   libucrt:per_thread_data.obj
 0001:0000656c       __acrt_uninitialize_ptd    000000014000756c f   libucrt:per_thread_data.obj
 0001:00006590       __acrt_call_reportfault    0000000140007590 f   libucrt:invalid_parameter.obj
 0001:000066ec       __acrt_initialize_invalid_parameter_handler 00000001400076ec f   libucrt:invalid_parameter.obj
 0001:000066f4       _invalid_parameter         00000001400076f4 f   libucrt:invalid_parameter.obj
 0001:000067a4       _invalid_parameter_noinfo  00000001400077a4 f   libucrt:invalid_parameter.obj
 0001:000067c4       _invoke_watson             00000001400077c4 f   libucrt:invalid_parameter.obj
 0001:0000680c       __acrt_errno_from_os_error 000000014000780c f   libucrt:errno.obj
 0001:00006854       __acrt_errno_map_os_error  0000000140007854 f   libucrt:errno.obj
 0001:000068a4       __doserrno                 00000001400078a4 f   libucrt:errno.obj
 0001:000068c4       _errno                     00000001400078c4 f   libucrt:errno.obj
 0001:000068e4       _calloc_base               00000001400078e4 f   libucrt:calloc_base.obj
 0001:0000695c       _free_base                 000000014000795c f   libucrt:free_base.obj
 0001:000069b0       ??$__acrt_mbs_to_wcs_cp@U__crt_win32_buffer_internal_dynamic_resizing@@@@YAHQEBDAEAV?$__crt_win32_buffer@_WU__crt_win32_buffer_internal_dynamic_resizing@@@@I@Z 00000001400079b0 f i libucrt:argv_wildcards.obj
 0001:00006b28       ??$__acrt_wcs_to_mbs_cp@U__crt_win32_buffer_internal_dynamic_resizing@@@@YAHQEB_WAEAV?$__crt_win32_buffer@DU__crt_win32_buffer_internal_dynamic_resizing@@@@I@Z 0000000140007b28 f i libucrt:argv_wildcards.obj
 0001:00007358       __acrt_expand_narrow_argv_wildcards 0000000140008358 f   libucrt:argv_wildcards.obj
 0001:00007360       ??$__acrt_wcs_to_mbs_cp@U__crt_win32_buffer_no_resizing@@@@YAHQEB_WAEAV?$__crt_win32_buffer@DU__crt_win32_buffer_no_resizing@@@@I@Z 0000000140008360 f i libucrt:getmodulefilenamea.obj
 0001:00007474       __acrt_GetModuleFileNameA  0000000140008474 f   libucrt:getmodulefilenamea.obj
 0001:00007cbc       __acrt_initialize_multibyte 0000000140008cbc f   libucrt:mbctype.obj
 0001:00007d1c       __acrt_update_thread_multibyte_data 0000000140008d1c f   libucrt:mbctype.obj
 0001:00007d38       _setmbcp_nolock            0000000140008d38 f   libucrt:mbctype.obj
 0001:0000806c       _ismbblead                 000000014000906c f   libucrt:ismbbyte.obj
 0001:00008080       __acrt_initialize_command_line 0000000140009080 f   libucrt:argv_data.obj
 0001:000080a8       __acrt_MultiByteToWideChar 00000001400090a8 f   libucrt:multibytetowidechar.obj
 0001:00008104       __acrt_WideCharToMultiByte 0000000140009104 f   libucrt:widechartomultibyte.obj
 0001:000081b4       __dcrt_get_narrow_environment_from_os 00000001400091b4 f   libucrt:get_environment_from_os.obj
 0001:000082b8       __acrt_initialize_locks    00000001400092b8 f   libucrt:locks.obj
 0001:00008300       __acrt_lock                0000000140009300 f   libucrt:locks.obj
 0001:0000831c       __acrt_uninitialize_locks  000000014000931c f   libucrt:locks.obj
 0001:00008354       __acrt_unlock              0000000140009354 f   libucrt:locks.obj
 0001:00008370       __acrt_get_process_end_policy 0000000140009370 f   libucrt:win_policies.obj
 0001:000083ac       __acrt_lowio_create_handle_array 00000001400093ac f   libucrt:osfinfo.obj
 0001:00008454       __acrt_lowio_destroy_handle_array 0000000140009454 f   libucrt:osfinfo.obj
 0001:000084a4       __acrt_lowio_ensure_fh_exists 00000001400094a4 f   libucrt:osfinfo.obj
 0001:0000854c       __acrt_lowio_lock_fh       000000014000954c f   libucrt:osfinfo.obj
 0001:00008574       __acrt_lowio_unlock_fh     0000000140009574 f   libucrt:osfinfo.obj
 0001:0000859c       _free_osfhnd               000000014000959c f   libucrt:osfinfo.obj
 0001:00008658       _get_osfhandle             0000000140009658 f   libucrt:osfinfo.obj
 0001:000086d0       __acrt_initialize_fmode    00000001400096d0 f   libucrt:txtmode.obj
 0001:000088e8       __acrt_initialize_lowio    00000001400098e8 f   libucrt:ioinit.obj
 0001:00008924       __acrt_uninitialize_lowio  0000000140009924 f   libucrt:ioinit.obj
 0001:00008964       __acrt_locale_free_monetary 0000000140009964 f   libucrt:initmon.obj
 0001:00008a70       __acrt_locale_free_numeric 0000000140009a70 f   libucrt:initnum.obj
 0001:00008b34       __acrt_locale_free_time    0000000140009b34 f   libucrt:inittime.obj
 0001:00008c3c       __pctype_func              0000000140009c3c f   libucrt:ctype.obj
 0001:00008c6c       _malloc_base               0000000140009c6c f   libucrt:malloc_base.obj
 0001:00008ccc       __acrt_GetStringTypeA      0000000140009ccc f   libucrt:getstringtypea.obj
 0001:00008e5c       __acrt_add_locale_ref      0000000140009e5c f   libucrt:locale_refcounting.obj
 0001:00008ee8       __acrt_free_locale         0000000140009ee8 f   libucrt:locale_refcounting.obj
 0001:00009060       __acrt_locale_add_lc_time_reference 000000014000a060 f   libucrt:locale_refcounting.obj
 0001:00009088       __acrt_locale_free_lc_time_if_unreferenced 000000014000a088 f   libucrt:locale_refcounting.obj
 0001:000090c0       __acrt_locale_release_lc_time_reference 000000014000a0c0 f   libucrt:locale_refcounting.obj
 0001:000090e8       __acrt_release_locale_ref  000000014000a0e8 f   libucrt:locale_refcounting.obj
 0001:00009190       __acrt_update_thread_locale_data 000000014000a190 f   libucrt:locale_refcounting.obj
 0001:00009200       _updatetlocinfoEx_nolock   000000014000a200 f   libucrt:locale_refcounting.obj
 0001:00009440       __acrt_AppPolicyGetProcessTerminationMethodInternal 000000014000a440 f   libucrt:winapi_thunks.obj
 0001:00009490       __acrt_AreFileApisANSI     000000014000a490 f   libucrt:winapi_thunks.obj
 0001:000094cc       __acrt_FlsAlloc            000000014000a4cc f   libucrt:winapi_thunks.obj
 0001:00009514       __acrt_FlsFree             000000014000a514 f   libucrt:winapi_thunks.obj
 0001:0000955c       __acrt_FlsGetValue         000000014000a55c f   libucrt:winapi_thunks.obj
 0001:000095a4       __acrt_FlsSetValue         000000014000a5a4 f   libucrt:winapi_thunks.obj
 0001:000095f8       __acrt_InitializeCriticalSectionEx 000000014000a5f8 f   libucrt:winapi_thunks.obj
 0001:0000965c       __acrt_LCMapStringEx       000000014000a65c f   libucrt:winapi_thunks.obj
 0001:00009738       __acrt_LocaleNameToLCID    000000014000a738 f   libucrt:winapi_thunks.obj
 0001:00009788       __acrt_initialize_winapi_thunks 000000014000a788 f   libucrt:winapi_thunks.obj
 0001:000097bc       __acrt_uninitialize_winapi_thunks 000000014000a7bc f   libucrt:winapi_thunks.obj
 0001:00009800       _recalloc_base             000000014000a800 f   libucrt:recalloc.obj
 0001:00009898       __acrt_initialize_heap     000000014000a898 f   libucrt:heap_handle.obj
 0001:000098b4       __acrt_uninitialize_heap   000000014000a8b4 f   libucrt:heap_handle.obj
 0001:000098c0       __acrt_execute_initializers 000000014000a8c0 f   libucrt:shared_initialization.obj
 0001:00009940       __acrt_execute_uninitializers 000000014000a940 f   libucrt:shared_initialization.obj
 0001:0000997c       __acrt_initialize_new_handler 000000014000a97c f   libucrt:new_handler.obj
 0001:00009984       _callnewh                  000000014000a984 f   libucrt:new_handler.obj
 0001:000099b4       _query_new_handler         000000014000a9b4 f   libucrt:new_handler.obj
 0001:00009a30       __acrt_get_sigabrt_handler 000000014000aa30 f   libucrt:signal.obj
 0001:00009a60       __acrt_initialize_signal_handlers 000000014000aa60 f   libucrt:signal.obj
 0001:00009a80       raise                      000000014000aa80 f   libucrt:signal.obj
 0001:00009ec8       __acrt_stdio_flush_nolock  000000014000aec8 f   libucrt:fflush.obj
 0001:00009f44       _fflush_nolock             000000014000af44 f   libucrt:fflush.obj
 0001:00009f90       _flushall                  000000014000af90 f   libucrt:fflush.obj
 0001:00009f98       __acrt_initialize_stdio    000000014000af98 f   libucrt:_file.obj
 0001:0000a0b8       __acrt_uninitialize_stdio  000000014000b0b8 f   libucrt:_file.obj
 0001:0000a114       _lock_file                 000000014000b114 f   libucrt:_file.obj
 0001:0000a120       _unlock_file               000000014000b120 f   libucrt:_file.obj
 0001:0000a12c       _mbtowc_l                  000000014000b12c f   libucrt:mbtowc.obj
 0001:0000a2ac       mbtowc                     000000014000b2ac f   libucrt:mbtowc.obj
 0001:0000a2b4       __acrt_update_locale_info  000000014000b2b4 f   libucrt:locale_update.obj
 0001:0000a2e8       __acrt_update_multibyte_info 000000014000b2e8 f   libucrt:locale_update.obj
 0001:0000a31c       _fileno                    000000014000b31c f   libucrt:fileno.obj
 0001:0000a344       _raise_exc                 000000014000b344 f   libucrt:fpexcept.obj
 0001:0000a36c       _raise_exc_ex              000000014000b36c f   libucrt:fpexcept.obj
 0001:0000a67c       _set_errno_from_matherr    000000014000b67c f   libucrt:fpexcept.obj
 0001:0000a6ac       _clrfp                     000000014000b6ac f   libucrt:fpctrl.obj
 0001:0000a6cc       _ctrlfp                    000000014000b6cc f   libucrt:fpctrl.obj
 0001:0000a748       _set_statfp                000000014000b748 f   libucrt:fpctrl.obj
 0001:0000a768       _statfp                    000000014000b768 f   libucrt:fpctrl.obj
 0001:0000a780       qsort                      000000014000b780 f   libucrt:qsort.obj
 0001:0000ab20       strncpy_s                  000000014000bb20 f   libucrt:strncpy_s.obj
 0001:0000aca0       strpbrk                    000000014000bca0 f   libucrt:strpbrk.obj
 0001:0000b068       _mbsdec                    000000014000c068 f   libucrt:mbsdec.obj
 0001:0000b070       _mbsdec_l                  000000014000c070 f   libucrt:mbsdec.obj
 0001:0000b41c       __acrt_LCMapStringA        000000014000c41c f   libucrt:lcmapstringa.obj
 0001:0000b4cc       __ascii_wcsnicmp           000000014000c4cc f   libucrt:wcsnicmp.obj
 0001:0000b518       __acrt_DownlevelLocaleNameToLCID 000000014000c518 f   libucrt:lcidtoname_downlevel.obj
 0001:0000b5c8       _msize_base                000000014000c5c8 f   libucrt:msize.obj
 0001:0000b604       _realloc_base              000000014000c604 f   libucrt:realloc_base.obj
 0001:0000b70c       _commit                    000000014000c70c f   libucrt:commit.obj
 0001:0000c01c       _write                     000000014000d01c f   libucrt:write.obj
 0001:0000c108       _write_nolock              000000014000d108 f   libucrt:write.obj
 0001:0000c3ec       _fcloseall                 000000014000d3ec f   libucrt:closeall.obj
 0001:0000c4a0       __acrt_stdio_free_buffer_nolock 000000014000d4a0 f   libucrt:_freebuf.obj
 0001:0000c4e0       _isatty                    000000014000d4e0 f   libucrt:isatty.obj
 0001:0000c540       _isleadbyte_l              000000014000d540 f i libucrt:_wctype.obj
 0001:0000c58c       ?__mbrtowc_utf8@__crt_mbstring@@YA_KPEA_WPEBD_KPEAU_Mbstatet@@@Z 000000014000d58c f   libucrt:mbrtowc.obj
 0001:0000c5c8       ?__mbsrtowcs_utf8@__crt_mbstring@@YA_KPEA_WPEAPEBD_KPEAU_Mbstatet@@@Z 000000014000d5c8 f   libucrt:mbrtowc.obj
 0001:0000c750       _get_fpsr                  000000014000d750 f   libucrt:fpsr.obj
 0001:0000c760       _set_fpsr                  000000014000d760 f   libucrt:fpsr.obj
 0001:0000c76a       _fclrf                     000000014000d76a f   libucrt:fpsr.obj
 0001:0000c77e       _frnd                      000000014000d77e f   libucrt:fpsr.obj
 0001:0000c7a0       __strncnt                  000000014000d7a0 f   libucrt:strncnt.obj
 0001:0000c854       _lseeki64_nolock           000000014000d854 f   libucrt:lseek.obj
 0001:0000c85c       _putwch_nolock             000000014000d85c f   libucrt:putwch.obj
 0001:0000c898       _fclose_nolock             000000014000d898 f   libucrt:fclose.obj
 0001:0000c91c       fclose                     000000014000d91c f   libucrt:fclose.obj
 0001:0000c980       ?__mbrtoc32_utf8@__crt_mbstring@@YA_KPEA_UPEBD_KPEAU_Mbstatet@@@Z 000000014000d980 f   libucrt:mbrtoc32.obj
 0001:0000cb60       log10                      000000014000db60 f   libucrt:log10.obj
 0001:0000d10c       __dcrt_lowio_ensure_console_output_initialized 000000014000e10c f   libucrt:initcon.obj
 0001:0000d160       __dcrt_terminate_console_output 000000014000e160 f   libucrt:initcon.obj
 0001:0000d17c       __dcrt_write_console       000000014000e17c f   libucrt:initcon.obj
 0001:0000d2b0       _close                     000000014000e2b0 f   libucrt:close.obj
 0001:0000d354       _close_nolock              000000014000e354 f   libucrt:close.obj
 0001:0000d414       ?__acrt_stdio_free_stream@@YAXV__crt_stdio_stream@@@Z 000000014000e414 f   libucrt:stream.obj
 0001:0000d430       __acrt_initialize_fma3     000000014000e430 f   libucrt:fma3_available.obj
 0001:0000d4a0       _log10_special             000000014000e4a0 f   libucrt:log_special.obj
 0001:0000d560       _FindPESection             000000014000e560 f   LIBCMT:pesect.obj
 0001:0000d5b0       _IsNonwritableInCurrentImage 000000014000e5b0 f   LIBCMT:pesect.obj
 0001:0000d600       _ValidateImageBase         000000014000e600 f   LIBCMT:pesect.obj
 0001:0000d640       _alloca_probe              000000014000e640 f   LIBCMT:chkstk.obj
 0001:0000d640       __chkstk                   000000014000e640 f   LIBCMT:chkstk.obj
 0001:0000d6b0       memcmp                     000000014000e6b0 f   libvcruntime:memcmp.obj
 0001:0000d790       _guard_dispatch_icall_nop  000000014000e790 f   LIBCMT:guard_dispatch.obj
 0001:0000d7b0       _guard_xfg_dispatch_icall_nop 000000014000e7b0 f   LIBCMT:guard_xfg_dispatch.obj
 0002:00000000       __imp_StretchDIBits        000000014000f000     Gdi32:GDI32.dll
 0002:00000008       \177GDI32_NULL_THUNK_DATA  000000014000f008     Gdi32:GDI32.dll
 0002:00000010       __imp_CreateFileW          000000014000f010     kernel32:KERNEL32.dll
 0002:00000018       __imp_SetFilePointerEx     000000014000f018     kernel32:KERNEL32.dll
 0002:00000020       __imp_GetConsoleMode       000000014000f020     kernel32:KERNEL32.dll
 0002:00000028       __imp_WriteConsoleW        000000014000f028     kernel32:KERNEL32.dll
 0002:00000030       __imp_FlushFileBuffers     000000014000f030     kernel32:KERNEL32.dll
 0002:00000038       __imp_HeapReAlloc          000000014000f038     kernel32:KERNEL32.dll
 0002:00000040       __imp_HeapSize             000000014000f040     kernel32:KERNEL32.dll
 0002:00000048       __imp_GetConsoleOutputCP   000000014000f048     kernel32:KERNEL32.dll
 0002:00000050       __imp_TlsSetValue          000000014000f050     kernel32:KERNEL32.dll
 0002:00000058       __imp_GetProcessHeap       000000014000f058     kernel32:KERNEL32.dll
 0002:00000060       __imp_LCMapStringW         000000014000f060     kernel32:KERNEL32.dll
 0002:00000068       __imp_CreateFileA          000000014000f068     kernel32:KERNEL32.dll
 0002:00000070       __imp_GetFileSizeEx        000000014000f070     kernel32:KERNEL32.dll
 0002:00000078       __imp_ReadFile             000000014000f078     kernel32:KERNEL32.dll
 0002:00000080       __imp_WriteFile            000000014000f080     kernel32:KERNEL32.dll
 0002:00000088       __imp_CloseHandle          000000014000f088     kernel32:KERNEL32.dll
 0002:00000090       __imp_QueryPerformanceCounter 000000014000f090     kernel32:KERNEL32.dll
 0002:00000098       __imp_QueryPerformanceFrequency 000000014000f098     kernel32:KERNEL32.dll
 0002:000000a0       __imp_Sleep                000000014000f0a0     kernel32:KERNEL32.dll
 0002:000000a8       __imp_VirtualAlloc         000000014000f0a8     kernel32:KERNEL32.dll
 0002:000000b0       __imp_VirtualFree          000000014000f0b0     kernel32:KERNEL32.dll
 0002:000000b8       __imp_RtlCaptureContext    000000014000f0b8     kernel32:KERNEL32.dll
 0002:000000c0       __imp_RtlLookupFunctionEntry 000000014000f0c0     kernel32:KERNEL32.dll
 0002:000000c8       __imp_RtlVirtualUnwind     000000014000f0c8     kernel32:KERNEL32.dll
 0002:000000d0       __imp_UnhandledExceptionFilter 000000014000f0d0     kernel32:KERNEL32.dll
 0002:000000d8       __imp_SetUnhandledExceptionFilter 000000014000f0d8     kernel32:KERNEL32.dll
 0002:000000e0       __imp_GetCurrentProcess    000000014000f0e0     kernel32:KERNEL32.dll
 0002:000000e8       __imp_TerminateProcess     000000014000f0e8     kernel32:KERNEL32.dll
 0002:000000f0       __imp_IsProcessorFeaturePresent 000000014000f0f0     kernel32:KERNEL32.dll
 0002:000000f8       __imp_GetCurrentProcessId  000000014000f0f8     kernel32:KERNEL32.dll
 0002:00000100       __imp_GetCurrentThreadId   000000014000f100     kernel32:KERNEL32.dll
 0002:00000108       __imp_GetSystemTimeAsFileTime 000000014000f108     kernel32:KERNEL32.dll
 0002:00000110       __imp_InitializeSListHead  000000014000f110     kernel32:KERNEL32.dll
 0002:00000118       __imp_IsDebuggerPresent    000000014000f118     kernel32:KERNEL32.dll
 0002:00000120       __imp_GetStartupInfoW      000000014000f120     kernel32:KERNEL32.dll
 0002:00000128       __imp_GetModuleHandleW     000000014000f128     kernel32:KERNEL32.dll
 0002:00000130       __imp_RtlUnwindEx          000000014000f130     kernel32:KERNEL32.dll
 0002:00000138       __imp_GetLastError         000000014000f138     kernel32:KERNEL32.dll
 0002:00000140       __imp_SetLastError         000000014000f140     kernel32:KERNEL32.dll
 0002:00000148       __imp_EnterCriticalSection 000000014000f148     kernel32:KERNEL32.dll
 0002:00000150       __imp_LeaveCriticalSection 000000014000f150     kernel32:KERNEL32.dll
 0002:00000158       __imp_DeleteCriticalSection 000000014000f158     kernel32:KERNEL32.dll
 0002:00000160       __imp_InitializeCriticalSectionAndSpinCount 000000014000f160     kernel32:KERNEL32.dll
 0002:00000168       __imp_TlsAlloc             000000014000f168     kernel32:KERNEL32.dll
 0002:00000170       __imp_TlsGetValue          000000014000f170     kernel32:KERNEL32.dll
 0002:00000178       __imp_TlsFree              000000014000f178     kernel32:KERNEL32.dll
 0002:00000180       __imp_FreeLibrary          000000014000f180     kernel32:KERNEL32.dll
 0002:00000188       __imp_GetProcAddress       000000014000f188     kernel32:KERNEL32.dll
 0002:00000190       __imp_LoadLibraryExW       000000014000f190     kernel32:KERNEL32.dll
 0002:00000198       __imp_RaiseException       000000014000f198     kernel32:KERNEL32.dll
 0002:000001a0       __imp_GetStdHandle         000000014000f1a0     kernel32:KERNEL32.dll
 0002:000001a8       __imp_GetModuleFileNameW   000000014000f1a8     kernel32:KERNEL32.dll
 0002:000001b0       __imp_ExitProcess          000000014000f1b0     kernel32:KERNEL32.dll
 0002:000001b8       __imp_GetModuleHandleExW   000000014000f1b8     kernel32:KERNEL32.dll
 0002:000001c0       __imp_HeapAlloc            000000014000f1c0     kernel32:KERNEL32.dll
 0002:000001c8       __imp_HeapFree             000000014000f1c8     kernel32:KERNEL32.dll
 0002:000001d0       __imp_FindClose            000000014000f1d0     kernel32:KERNEL32.dll
 0002:000001d8       __imp_FindFirstFileExW     000000014000f1d8     kernel32:KERNEL32.dll
 0002:000001e0       __imp_FindNextFileW        000000014000f1e0     kernel32:KERNEL32.dll
 0002:000001e8       __imp_IsValidCodePage      000000014000f1e8     kernel32:KERNEL32.dll
 0002:000001f0       __imp_GetACP               000000014000f1f0     kernel32:KERNEL32.dll
 0002:000001f8       __imp_GetOEMCP             000000014000f1f8     kernel32:KERNEL32.dll
 0002:00000200       __imp_GetCPInfo            000000014000f200     kernel32:KERNEL32.dll
 0002:00000208       __imp_GetCommandLineA      000000014000f208     kernel32:KERNEL32.dll
 0002:00000210       __imp_GetCommandLineW      000000014000f210     kernel32:KERNEL32.dll
 0002:00000218       __imp_MultiByteToWideChar  000000014000f218     kernel32:KERNEL32.dll
 0002:00000220       __imp_WideCharToMultiByte  000000014000f220     kernel32:KERNEL32.dll
 0002:00000228       __imp_GetEnvironmentStringsW 000000014000f228     kernel32:KERNEL32.dll
 0002:00000230       __imp_FreeEnvironmentStringsW 000000014000f230     kernel32:KERNEL32.dll
 0002:00000238       __imp_SetStdHandle         000000014000f238     kernel32:KERNEL32.dll
 0002:00000240       __imp_GetFileType          000000014000f240     kernel32:KERNEL32.dll
 0002:00000248       __imp_GetStringTypeW       000000014000f248     kernel32:KERNEL32.dll
 0002:00000250       \177KERNEL32_NULL_THUNK_DATA 000000014000f250     kernel32:KERNEL32.dll
 0002:00000258       __imp_DispatchMessageA     000000014000f258     user32:USER32.dll
 0002:00000260       __imp_PeekMessageA         000000014000f260     user32:USER32.dll
 0002:00000268       __imp_DefWindowProcA       000000014000f268     user32:USER32.dll
 0002:00000270       __imp_LoadCursorA          000000014000f270     user32:USER32.dll
 0002:00000278       __imp_AdjustWindowRectEx   000000014000f278     user32:USER32.dll
 0002:00000280       __imp_BeginPaint           000000014000f280     user32:USER32.dll
 0002:00000288       __imp_GetDC                000000014000f288     user32:USER32.dll
 0002:00000290       __imp_CreateWindowExA      000000014000f290     user32:USER32.dll
 0002:00000298       __imp_RegisterClassA       000000014000f298     user32:USER32.dll
 0002:000002a0       __imp_TranslateMessage     000000014000f2a0     user32:USER32.dll
 0002:000002a8       \177USER32_NULL_THUNK_DATA 000000014000f2a8     user32:USER32.dll
 0002:000002b0       __imp_timeBeginPeriod      000000014000f2b0     Winmm:WINMM.dll
 0002:000002b8       \177WINMM_NULL_THUNK_DATA  000000014000f2b8     Winmm:WINMM.dll
 0002:000002c0       __guard_check_icall_fptr   000000014000f2c0     LIBCMT:guard_support.obj
 0002:000002c8       __guard_xfg_check_icall_fptr 000000014000f2c8     LIBCMT:guard_support.obj
 0002:000002d0       __guard_dispatch_icall_fptr 000000014000f2d0     LIBCMT:guard_support.obj
 0002:000002d8       __guard_xfg_dispatch_icall_fptr 000000014000f2d8     LIBCMT:guard_support.obj
 0002:000002e0       __guard_xfg_table_dispatch_icall_fptr 000000014000f2e0     LIBCMT:guard_support.obj
 0002:000002e8       __xc_a                     000000014000f2e8     LIBCMT:initializers.obj
 0002:000002f8       __xc_z                     000000014000f2f8     LIBCMT:initializers.obj
 0002:00000300       __xi_a                     000000014000f300     LIBCMT:initializers.obj
 0002:00000318       __acrt_multibyte_initializer 000000014000f318     libucrt:multibyte_initializer.obj
 0002:00000320       __acrt_fmode_initializer   000000014000f320     libucrt:fmode_initializer.obj
 0002:00000328       __acrt_stdio_initializer   000000014000f328     libucrt:stdio_initializer.obj
 0002:00000330       __acrt_tran_fma3_initializer 000000014000f330     libucrt:fma3_initializer.obj
 0002:00000338       __xi_z                     000000014000f338     LIBCMT:initializers.obj
 0002:00000340       __xp_a                     000000014000f340     LIBCMT:initializers.obj
 0002:00000348       __acrt_locale_terminator   000000014000f348     libucrt:locale_initializer.obj
 0002:00000350       __dcrt_console_output_terminator 000000014000f350     libucrt:console_output_initializer.obj
 0002:00000358       __acrt_stdio_terminator    000000014000f358     libucrt:stdio_initializer.obj
 0002:00000360       __xp_z                     000000014000f360     LIBCMT:initializers.obj
 0002:00000368       __xt_a                     000000014000f368     LIBCMT:initializers.obj
 0002:00000370       __xt_z                     000000014000f370     LIBCMT:initializers.obj
 0002:0000040c       __real@00000000            000000014000f40c     win32_main.obj
 0002:00000410       __real@4030aaaaaaaaaaab    000000014000f410     win32_main.obj
 0002:00000418       __real@408f400000000000    000000014000f418     win32_main.obj
 0002:00000420       __real@41200000            000000014000f420     win32_main.obj
 0002:00000424       __real@428c0000            000000014000f424     win32_main.obj
 0002:00000428       __real@42980000            000000014000f428     win32_main.obj
 0002:0000042c       __real@43020000            000000014000f42c     win32_main.obj
 0002:00000430       __real@433e0000            000000014000f430     win32_main.obj
 0002:00000434       __real@437f0000            000000014000f434     win32_main.obj
 0002:00000438       __real@43800000            000000014000f438     win32_main.obj
 0002:0000043c       __real@447a0000            000000014000f43c     win32_main.obj
 0002:00000450       __xmm@ffffffffffffffffffffffffffffffff 000000014000f450     LIBCMT:utility.obj
 0002:00000460       _pDestructExceptionObject  000000014000f460     libvcruntime:ehhelpers.obj
 0002:00000b70       ??_C@_08EHJDFFNH@__based?$CI@ 000000014000fb70     libvcruntime:undname.obj
 0002:00000b80       ??_C@_07KOLFKCDI@__cdecl@  000000014000fb80     libvcruntime:undname.obj
 0002:00000b88       ??_C@_08GHMPAG@__pascal@   000000014000fb88     libvcruntime:undname.obj
 0002:00000b98       ??_C@_09IFJBGAPI@__stdcall@ 000000014000fb98     libvcruntime:undname.obj
 0002:00000ba8       ??_C@_0L@NPHFGOKO@__thiscall@ 000000014000fba8     libvcruntime:undname.obj
 0002:00000bb8       ??_C@_0L@JMKHOMEK@__fastcall@ 000000014000fbb8     libvcruntime:undname.obj
 0002:00000bc8       ??_C@_0N@BCKKPABJ@__vectorcall@ 000000014000fbc8     libvcruntime:undname.obj
 0002:00000bd8       ??_C@_09HIJEGCPM@__clrcall@ 000000014000fbd8     libvcruntime:undname.obj
 0002:00000be4       ??_C@_06GHPCKEAG@__eabi@   000000014000fbe4     libvcruntime:undname.obj
 0002:00000bf0       ??_C@_09IOPIDJLG@__swift_1@ 000000014000fbf0     libvcruntime:undname.obj
 0002:00000c00       ??_C@_09KFNFGKHF@__swift_2@ 000000014000fc00     libvcruntime:undname.obj
 0002:00000c10       ??_C@_07JOMMBBKO@__ptr64@  000000014000fc10     libvcruntime:undname.obj
 0002:00000c18       ??_C@_0L@PILCLIHE@__restrict@ 000000014000fc18     libvcruntime:undname.obj
 0002:00000c28       ??_C@_0M@GFIIJFMG@__unaligned@ 000000014000fc28     libvcruntime:undname.obj
 0002:00000c38       ??_C@_09DHDLOLLB@restrict?$CI@ 000000014000fc38     libvcruntime:undname.obj
 0002:00000c42       ??_C@_00CNPNBAHC@@         000000014000fc42     libvcruntime:undname.obj
 0002:00000c44       ??_C@_04NIHEBCM@?5new@     000000014000fc44     libvcruntime:undname.obj
 0002:00000c50       ??_C@_07FPCDHGMM@?5delete@ 000000014000fc50     libvcruntime:undname.obj
 0002:00000c58       ??_C@_01NEMOKFLO@?$DN@     000000014000fc58     libvcruntime:undname.obj
 0002:00000c5c       ??_C@_02GPIOPFAK@?$DO?$DO@ 000000014000fc5c     libvcruntime:undname.obj
 0002:00000c60       ??_C@_02FODMEDOG@?$DM?$DM@ 000000014000fc60     libvcruntime:undname.obj
 0002:00000c64       ??_C@_01DCLJPIOD@?$CB@     000000014000fc64     libvcruntime:undname.obj
 0002:00000c68       ??_C@_02EGOFBIJA@?$DN?$DN@ 000000014000fc68     libvcruntime:undname.obj
 0002:00000c6c       ??_C@_02FDNJECIE@?$CB?$DN@ 000000014000fc6c     libvcruntime:undname.obj
 0002:00000c70       ??_C@_02GPECMEKF@?$FL?$FN@ 000000014000fc70     libvcruntime:undname.obj
 0002:00000c78       ??_C@_08LHJFAFGD@operator@ 000000014000fc78     libvcruntime:undname.obj
 0002:00000c84       ??_C@_02HBOOOICD@?9?$DO@   000000014000fc84     libvcruntime:undname.obj
 0002:00000c88       ??_C@_01NBENCBCI@?$CK@     000000014000fc88     libvcruntime:undname.obj
 0002:00000c8c       ??_C@_02ECNGHCIF@?$CL?$CL@ 000000014000fc8c     libvcruntime:undname.obj
 0002:00000c90       ??_C@_02BAABKJLB@?9?9@     000000014000fc90     libvcruntime:undname.obj
 0002:00000c94       ??_C@_01JOAMLHOP@?9@       000000014000fc94     libvcruntime:undname.obj
 0002:00000c98       ??_C@_01MIFGBAGJ@?$CL@     000000014000fc98     libvcruntime:undname.obj
 0002:00000c9c       ??_C@_01HNPIGOCE@?$CG@     000000014000fc9c     libvcruntime:undname.obj
 0002:00000ca0       ??_C@_03MNHNFDLC@?9?$DO?$CK@ 000000014000fca0     libvcruntime:undname.obj
 0002:00000ca4       ??_C@_01KMDKNFGN@?1@       000000014000fca4     libvcruntime:undname.obj
 0002:00000ca8       ??_C@_01FGNFDNOH@?$CF@     000000014000fca8     libvcruntime:undname.obj
 0002:00000cac       ??_C@_01MNNFJEPP@?$DM@     000000014000fcac     libvcruntime:undname.obj
 0002:00000cb0       ??_C@_02EHCHHCKH@?$DM?$DN@ 000000014000fcb0     libvcruntime:undname.obj
 0002:00000cb4       ??_C@_01PPODPGHN@?$DO@     000000014000fcb4     libvcruntime:undname.obj
 0002:00000cb8       ??_C@_02EEKDKGMJ@?$DO?$DN@ 000000014000fcb8     libvcruntime:undname.obj
 0002:00000cbc       ??_C@_01IHBHIGKO@?0@       000000014000fcbc     libvcruntime:undname.obj
 0002:00000cc0       ??_C@_02HCKGKOFO@?$CI?$CJ@ 000000014000fcc0     libvcruntime:undname.obj
 0002:00000cc4       ??_C@_01PJKLJHI@?$HO@      000000014000fcc4     libvcruntime:undname.obj
 0002:00000cc8       ??_C@_01JKBOJNNK@?$FO@     000000014000fcc8     libvcruntime:undname.obj
 0002:00000ccc       ??_C@_01DNKMNLPK@?$HM@     000000014000fccc     libvcruntime:undname.obj
 0002:00000cd0       ??_C@_02PPKAJPJL@?$CG?$CG@ 000000014000fcd0     libvcruntime:undname.obj
 0002:00000cd4       ??_C@_02NONPIBCD@?$HM?$HM@ 000000014000fcd4     libvcruntime:undname.obj
 0002:00000cd8       ??_C@_02FPIMKNGF@?$CK?$DN@ 000000014000fcd8     libvcruntime:undname.obj
 0002:00000cdc       ??_C@_02FOEOMHFC@?$CL?$DN@ 000000014000fcdc     libvcruntime:undname.obj
 0002:00000ce0       ??_C@_02FKMDLLOA@?9?$DN@   000000014000fce0     libvcruntime:undname.obj
 0002:00000ce4       ??_C@_02FJEHGPIO@?1?$DN@   000000014000fce4     libvcruntime:undname.obj
 0002:00000ce8       ??_C@_02FENAOKFI@?$CF?$DN@ 000000014000fce8     libvcruntime:undname.obj
 0002:00000cec       ??_C@_03IKFCCPFF@?$DO?$DO?$DN@ 000000014000fcec     libvcruntime:undname.obj
 0002:00000cf0       ??_C@_03CDNPDDLA@?$DM?$DM?$DN@ 000000014000fcf0     libvcruntime:undname.obj
 0002:00000cf4       ??_C@_02FGJGFEAB@?$CG?$DN@ 000000014000fcf4     libvcruntime:undname.obj
 0002:00000cf8       ??_C@_02DHLNPPGH@?$HM?$DN@ 000000014000fcf8     libvcruntime:undname.obj
 0002:00000cfc       ??_C@_02MHEGNOJ@?$FO?$DN@  000000014000fcfc     libvcruntime:undname.obj
 0002:00000d00       ??_C@_09IFPLHPGF@?$GAvftable?8@ 000000014000fd00     libvcruntime:undname.obj
 0002:00000d10       ??_C@_09BLBHBJP@?$GAvbtable?8@ 000000014000fd10     libvcruntime:undname.obj
 0002:00000d20       ??_C@_07FEEIOKP@?$GAvcall?8@ 000000014000fd20     libvcruntime:undname.obj
 0002:00000d28       ??_C@_08LLFFHHDJ@?$GAtypeof?8@ 000000014000fd28     libvcruntime:undname.obj
 0002:00000d38       ??_C@_0BF@KDPPACIK@?$GAlocal?5static?5guard?8@ 000000014000fd38     libvcruntime:undname.obj
 0002:00000d50       ??_C@_08OBABFOLI@?$GAstring?8@ 000000014000fd50     libvcruntime:undname.obj
 0002:00000d60       ??_C@_0BD@JDLKDPAB@?$GAvbase?5destructor?8@ 000000014000fd60     libvcruntime:undname.obj
 0002:00000d78       ??_C@_0BN@DEGPLNFK@?$GAvector?5deleting?5destructor?8@ 000000014000fd78     libvcruntime:undname.obj
 0002:00000d98       ??_C@_0BO@OBMKPJIG@?$GAdefault?5constructor?5closure?8@ 000000014000fd98     libvcruntime:undname.obj
 0002:00000db8       ??_C@_0BN@IMDCHIKM@?$GAscalar?5deleting?5destructor?8@ 000000014000fdb8     libvcruntime:undname.obj
 0002:00000dd8       ??_C@_0BO@PFGOCPJJ@?$GAvector?5constructor?5iterator?8@ 000000014000fdd8     libvcruntime:undname.obj
 0002:00000df8       ??_C@_0BN@LFPFMEDL@?$GAvector?5destructor?5iterator?8@ 000000014000fdf8     libvcruntime:undname.obj
 0002:00000e18       ??_C@_0CE@IKBNEHA@?$GAvector?5vbase?5constructor?5itera@ 000000014000fe18     libvcruntime:undname.obj
 0002:00000e40       ??_C@_0BL@NILFHHPC@?$GAvirtual?5displacement?5map?8@ 000000014000fe40     libvcruntime:undname.obj
 0002:00000e60       ??_C@_0CB@JONCMFFK@?$GAeh?5vector?5constructor?5iterator@ 000000014000fe60     libvcruntime:undname.obj
 0002:00000e88       ??_C@_0CA@GCEOPDGL@?$GAeh?5vector?5destructor?5iterator?8@ 000000014000fe88     libvcruntime:undname.obj
 0002:00000ea8       ??_C@_0CH@OOJPLCPH@?$GAeh?5vector?5vbase?5constructor?5it@ 000000014000fea8     libvcruntime:undname.obj
 0002:00000ed0       ??_C@_0BL@LLKPOHJI@?$GAcopy?5constructor?5closure?8@ 000000014000fed0     libvcruntime:undname.obj
 0002:00000ef0       ??_C@_0BA@KBCDOMBN@?$GAudt?5returning?8@ 000000014000fef0     libvcruntime:undname.obj
 0002:00000f00       ??_C@_03KLGMFNMG@?$GAEH@   000000014000ff00     libvcruntime:undname.obj
 0002:00000f04       ??_C@_05KHLCHHI@?$GARTTI@  000000014000ff04     libvcruntime:undname.obj
 0002:00000f10       ??_C@_0BA@KKLDJDLB@?$GAlocal?5vftable?8@ 000000014000ff10     libvcruntime:undname.obj
 0002:00000f20       ??_C@_0CE@IIHCMGGL@?$GAlocal?5vftable?5constructor?5clos@ 000000014000ff20     libvcruntime:undname.obj
 0002:00000f44       ??_C@_06FHBGPFGH@?5new?$FL?$FN@ 000000014000ff44     libvcruntime:undname.obj
 0002:00000f50       ??_C@_09LBNFPBCA@?5delete?$FL?$FN@ 000000014000ff50     libvcruntime:undname.obj
 0002:00000f60       ??_C@_0P@HJKNJFNN@?$GAomni?5callsig?8@ 000000014000ff60     libvcruntime:undname.obj
 0002:00000f70       ??_C@_0BL@CNOONJFP@?$GAplacement?5delete?5closure?8@ 000000014000ff70     libvcruntime:undname.obj
 0002:00000f90       ??_C@_0BN@CKNJLHMB@?$GAplacement?5delete?$FL?$FN?5closure?8@ 000000014000ff90     libvcruntime:undname.obj
 0002:00000fb0       ??_C@_0CG@CFDHKGGD@?$GAmanaged?5vector?5constructor?5ite@ 000000014000ffb0     libvcruntime:undname.obj
 0002:00000fd8       ??_C@_0CF@IMGKMJNO@?$GAmanaged?5vector?5destructor?5iter@ 000000014000ffd8     libvcruntime:undname.obj
 0002:00001000       ??_C@_0CG@HLDDJMAG@?$GAeh?5vector?5copy?5constructor?5ite@ 0000000140010000     libvcruntime:undname.obj
 0002:00001028       ??_C@_0CM@FCBBDIGB@?$GAeh?5vector?5vbase?5copy?5construct@ 0000000140010028     libvcruntime:undname.obj
 0002:00001058       ??_C@_0BL@CLIPGLGB@?$GAdynamic?5initializer?5for?5?8@ 0000000140010058     libvcruntime:undname.obj
 0002:00001078       ??_C@_0CB@PDBIFEP@?$GAdynamic?5atexit?5destructor?5for?5@ 0000000140010078     libvcruntime:undname.obj
 0002:000010a0       ??_C@_0CD@CGAJBKEJ@?$GAvector?5copy?5constructor?5iterat@ 00000001400100a0     libvcruntime:undname.obj
 0002:000010c8       ??_C@_0CJ@GJELGAMM@?$GAvector?5vbase?5copy?5constructor?5@ 00000001400100c8     libvcruntime:undname.obj
 0002:000010f8       ??_C@_0CL@FGIJHLCE@?$GAmanaged?5vector?5copy?5constructo@ 00000001400100f8     libvcruntime:undname.obj
 0002:00001128       ??_C@_0BM@PMGGMLDN@?$GAlocal?5static?5thread?5guard?8@ 0000000140010128     libvcruntime:undname.obj
 0002:00001148       ??_C@_0N@BDNMDMOL@operator?5?$CC?$CC?5@ 0000000140010148     libvcruntime:undname.obj
 0002:00001158       ??_C@_0BC@GGEBGALA@operator?5co_await@ 0000000140010158     libvcruntime:undname.obj
 0002:00001170       ??_C@_0M@GAAIMMOH@operator?$DM?$DN?$DO@ 0000000140010170     libvcruntime:undname.obj
 0002:00001180       ??_C@_0BC@DAFEJGAK@?5Type?5Descriptor?8@ 0000000140010180     libvcruntime:undname.obj
 0002:00001198       ??_C@_0BM@LDKODKLH@?5Base?5Class?5Descriptor?5at?5?$CI@ 0000000140010198     libvcruntime:undname.obj
 0002:000011b8       ??_C@_0BD@LGICGFMM@?5Base?5Class?5Array?8@ 00000001400101b8     libvcruntime:undname.obj
 0002:000011d0       ??_C@_0BN@MECKDCOJ@?5Class?5Hierarchy?5Descriptor?8@ 00000001400101d0     libvcruntime:undname.obj
 0002:000011f0       ??_C@_0BK@CFCOFLF@?5Complete?5Object?5Locator?8@ 00000001400101f0     libvcruntime:undname.obj
 0002:00001210       ??_C@_0BG@JNJLAMPM@?$GAanonymous?5namespace?8@ 0000000140010210     libvcruntime:undname.obj
 0002:00001240       ??_C@_1DM@KHCHBNEB@?$AAa?$AAp?$AAi?$AA?9?$AAm?$AAs?$AA?9?$AAw?$AAi?$AAn?$AA?9?$AAc?$AAo?$AAr?$AAe@ 0000000140010240     libvcruntime:winapi_downlevel.obj
 0002:00001280       ??_C@_1DK@LPPGFMPP@?$AAa?$AAp?$AAi?$AA?9?$AAm?$AAs?$AA?9?$AAw?$AAi?$AAn?$AA?9?$AAc?$AAo?$AAr?$AAe@ 0000000140010280     libvcruntime:winapi_downlevel.obj
 0002:000012c0       ??_C@_1BC@GDMECMAK@?$AAk?$AAe?$AAr?$AAn?$AAe?$AAl?$AA3?$AA2@ 00000001400102c0     libvcruntime:winapi_downlevel.obj
 0002:000012d8       ??_C@_1BA@PFFKHIOG@?$AAa?$AAp?$AAi?$AA?9?$AAm?$AAs?$AA?9@ 00000001400102d8     libvcruntime:winapi_downlevel.obj
 0002:000012f0       ??_C@_08KNHFBNJ@FlsAlloc@  00000001400102f0     libvcruntime:winapi_downlevel.obj
 0002:00001308       ??_C@_07PEJMOBNF@FlsFree@  0000000140010308     libvcruntime:winapi_downlevel.obj
 0002:00001318       ??_C@_0M@GDNOONDI@FlsGetValue@ 0000000140010318     libvcruntime:winapi_downlevel.obj
 0002:00001330       ??_C@_0M@JCPCPOEF@FlsSetValue@ 0000000140010330     libvcruntime:winapi_downlevel.obj
 0002:00001348       ??_C@_0BM@HCFOFFN@InitializeCriticalSectionEx@ 0000000140010348     libvcruntime:winapi_downlevel.obj
 0002:00001364       __real@3f800000            0000000140010364     libucrt:roundf.obj
 0002:00001368       __real@bf800000            0000000140010368     libucrt:roundf.obj
 0002:00001370       __acrt_exception_action_table 0000000140010370     libucrt:exception_filter.obj
 0002:00001430       __acrt_signal_action_table_count 0000000140010430     libucrt:exception_filter.obj
 0002:00001438       __acrt_signal_action_first_fpe_index 0000000140010438     libucrt:exception_filter.obj
 0002:00001440       __acrt_signal_action_fpe_count 0000000140010440     libucrt:exception_filter.obj
 0002:00001448       ??_C@_1BI@BGOHAHKC@?$AAm?$AAs?$AAc?$AAo?$AAr?$AAe?$AAe?$AA?4?$AAd?$AAl?$AAl@ 0000000140010448     libucrt:exit.obj
 0002:00001460       ??_C@_0P@MIGLKIOC@CorExitProcess@ 0000000140010460     libucrt:exit.obj
 0002:00001728       ??_C@_1M@HPNHIDJI@?$AAj?$AAa?$AA?9?$AAJ?$AAP@ 0000000140010728     libucrt:mbctype.obj
 0002:00001738       ??_C@_1M@BIBDDEMK@?$AAz?$AAh?$AA?9?$AAC?$AAN@ 0000000140010738     libucrt:mbctype.obj
 0002:00001748       ??_C@_1M@JLOOOEGK@?$AAk?$AAo?$AA?9?$AAK?$AAR@ 0000000140010748     libucrt:mbctype.obj
 0002:00001758       ??_C@_1M@CLNBBOPM@?$AAz?$AAh?$AA?9?$AAT?$AAW@ 0000000140010758     libucrt:mbctype.obj
 0002:00001770       __lc_time_c                0000000140010770     libucrt:nlsdata.obj
 0002:00001a30       ??_C@_03KOEHGMDN@Sun@      0000000140010a30     libucrt:nlsdata.obj
 0002:00001a34       ??_C@_03PDAGKDH@Mon@       0000000140010a34     libucrt:nlsdata.obj
 0002:00001a38       ??_C@_03NAGEINEP@Tue@      0000000140010a38     libucrt:nlsdata.obj
 0002:00001a3c       ??_C@_03MHOMLAJA@Wed@      0000000140010a3c     libucrt:nlsdata.obj
 0002:00001a40       ??_C@_03IOFIKPDN@Thu@      0000000140010a40     libucrt:nlsdata.obj
 0002:00001a44       ??_C@_03IDIOELNC@Fri@      0000000140010a44     libucrt:nlsdata.obj
 0002:00001a48       ??_C@_03FEFJNEK@Sat@       0000000140010a48     libucrt:nlsdata.obj
 0002:00001a4c       ??_C@_06OOPIFAJ@Sunday@    0000000140010a4c     libucrt:nlsdata.obj
 0002:00001a54       ??_C@_06JLEDEDGH@Monday@   0000000140010a54     libucrt:nlsdata.obj
 0002:00001a60       ??_C@_07BAAGCFCM@Tuesday@  0000000140010a60     libucrt:nlsdata.obj
 0002:00001a68       ??_C@_09DLIGFAKA@Wednesday@ 0000000140010a68     libucrt:nlsdata.obj
 0002:00001a78       ??_C@_08HACCIKIA@Thursday@ 0000000140010a78     libucrt:nlsdata.obj
 0002:00001a84       ??_C@_06JECMNKMI@Friday@   0000000140010a84     libucrt:nlsdata.obj
 0002:00001a90       ??_C@_08INBOOONO@Saturday@ 0000000140010a90     libucrt:nlsdata.obj
 0002:00001a9c       ??_C@_03JIHJHPIE@Jan@      0000000140010a9c     libucrt:nlsdata.obj
 0002:00001aa0       ??_C@_03HJBDCHOM@Feb@      0000000140010aa0     libucrt:nlsdata.obj
 0002:00001aa4       ??_C@_03ODNJBKGA@Mar@      0000000140010aa4     libucrt:nlsdata.obj
 0002:00001aa8       ??_C@_03LEOLGMJP@Apr@      0000000140010aa8     libucrt:nlsdata.obj
 0002:00001aac       ??_C@_03CNMDKL@May@        0000000140010aac     libucrt:nlsdata.obj
 0002:00001ab0       ??_C@_03IDFGHECI@Jun@      0000000140010ab0     libucrt:nlsdata.obj
 0002:00001ab4       ??_C@_03LBGABGKK@Jul@      0000000140010ab4     libucrt:nlsdata.obj
 0002:00001ab8       ??_C@_03IFJFEIGA@Aug@      0000000140010ab8     libucrt:nlsdata.obj
 0002:00001abc       ??_C@_03GGCAPAJC@Sep@      0000000140010abc     libucrt:nlsdata.obj
 0002:00001ac0       ??_C@_03BMAOKBAD@Oct@      0000000140010ac0     libucrt:nlsdata.obj
 0002:00001ac4       ??_C@_03JPJOFNIA@Nov@      0000000140010ac4     libucrt:nlsdata.obj
 0002:00001ac8       ??_C@_03MKABNOCG@Dec@      0000000140010ac8     libucrt:nlsdata.obj
 0002:00001ad0       ??_C@_07CGJPFGJA@January@  0000000140010ad0     libucrt:nlsdata.obj
 0002:00001ad8       ??_C@_08GNJGEPFN@February@ 0000000140010ad8     libucrt:nlsdata.obj
 0002:00001ae4       ??_C@_05HPCKOFNC@March@    0000000140010ae4     libucrt:nlsdata.obj
 0002:00001aec       ??_C@_05DMJDNLEJ@April@    0000000140010aec     libucrt:nlsdata.obj
 0002:00001af4       ??_C@_04CNLMGBGM@June@     0000000140010af4     libucrt:nlsdata.obj
 0002:00001afc       ??_C@_04MIEPOIFP@July@     0000000140010afc     libucrt:nlsdata.obj
 0002:00001b04       ??_C@_06LBBHFDDG@August@   0000000140010b04     libucrt:nlsdata.obj
 0002:00001b10       ??_C@_09BHHEALKD@September@ 0000000140010b10     libucrt:nlsdata.obj
 0002:00001b20       ??_C@_07JJNFCEND@October@  0000000140010b20     libucrt:nlsdata.obj
 0002:00001b28       ??_C@_08HCHEGEOA@November@ 0000000140010b28     libucrt:nlsdata.obj
 0002:00001b38       ??_C@_08EDHMEBNP@December@ 0000000140010b38     libucrt:nlsdata.obj
 0002:00001b44       ??_C@_02DEDBPAFC@AM@       0000000140010b44     libucrt:nlsdata.obj
 0002:00001b48       ??_C@_02CJNFDJBF@PM@       0000000140010b48     libucrt:nlsdata.obj
 0002:00001b50       ??_C@_08BPBNCDIB@MM?1dd?1yy@ 0000000140010b50     libucrt:nlsdata.obj
 0002:00001b60       ??_C@_0BE@CKGJFCPC@dddd?0?5MMMM?5dd?0?5yyyy@ 0000000140010b60     libucrt:nlsdata.obj
 0002:00001b78       ??_C@_08JCCMCCIL@HH?3mm?3ss@ 0000000140010b78     libucrt:nlsdata.obj
 0002:00001b88       ??_C@_17MBGCMIPB@?$AAS?$AAu?$AAn@ 0000000140010b88     libucrt:nlsdata.obj
 0002:00001b90       ??_C@_17KBOMKBF@?$AAM?$AAo?$AAn@ 0000000140010b90     libucrt:nlsdata.obj
 0002:00001b98       ??_C@_17BMKGEGOJ@?$AAT?$AAu?$AAe@ 0000000140010b98     libucrt:nlsdata.obj
 0002:00001ba0       ??_C@_17CJEDCEPE@?$AAW?$AAe?$AAd@ 0000000140010ba0     libucrt:nlsdata.obj
 0002:00001ba8       ??_C@_17PDPHAADD@?$AAT?$AAh?$AAu@ 0000000140010ba8     libucrt:nlsdata.obj
 0002:00001bb0       ??_C@_17HFOLPPLP@?$AAF?$AAr?$AAi@ 0000000140010bb0     libucrt:nlsdata.obj
 0002:00001bb8       ??_C@_17GGIBDPIH@?$AAS?$AAa?$AAt@ 0000000140010bb8     libucrt:nlsdata.obj
 0002:00001bc0       ??_C@_1O@IHNHDHPB@?$AAS?$AAu?$AAn?$AAd?$AAa?$AAy@ 0000000140010bc0     libucrt:nlsdata.obj
 0002:00001bd0       ??_C@_1O@MMNBFLIA@?$AAM?$AAo?$AAn?$AAd?$AAa?$AAy@ 0000000140010bd0     libucrt:nlsdata.obj
 0002:00001be0       ??_C@_1BA@ENFBFFEK@?$AAT?$AAu?$AAe?$AAs?$AAd?$AAa?$AAy@ 0000000140010be0     libucrt:nlsdata.obj
 0002:00001bf0       ??_C@_1BE@EBOGMDOH@?$AAW?$AAe?$AAd?$AAn?$AAe?$AAs?$AAd?$AAa?$AAy@ 0000000140010bf0     libucrt:nlsdata.obj
 0002:00001c08       ??_C@_1BC@HHMNLIHE@?$AAT?$AAh?$AAu?$AAr?$AAs?$AAd?$AAa?$AAy@ 0000000140010c08     libucrt:nlsdata.obj
 0002:00001c20       ??_C@_1O@PDICJHAG@?$AAF?$AAr?$AAi?$AAd?$AAa?$AAy@ 0000000140010c20     libucrt:nlsdata.obj
 0002:00001c30       ??_C@_1BC@ENMNNPAJ@?$AAS?$AAa?$AAt?$AAu?$AAr?$AAd?$AAa?$AAy@ 0000000140010c30     libucrt:nlsdata.obj
 0002:00001c48       ??_C@_17DKNBKCHM@?$AAJ?$AAa?$AAn@ 0000000140010c48     libucrt:nlsdata.obj
 0002:00001c50       ??_C@_17LMDJEKJN@?$AAF?$AAe?$AAb@ 0000000140010c50     libucrt:nlsdata.obj
 0002:00001c58       ??_C@_17CKNLEDEC@?$AAM?$AAa?$AAr@ 0000000140010c58     libucrt:nlsdata.obj
 0002:00001c60       ??_C@_17LFPOIHDD@?$AAA?$AAp?$AAr@ 0000000140010c60     libucrt:nlsdata.obj
 0002:00001c68       ??_C@_17PNNKMEED@?$AAM?$AAa?$AAy@ 0000000140010c68     libucrt:nlsdata.obj
 0002:00001c70       ??_C@_17KCJGOCPB@?$AAJ?$AAu?$AAn@ 0000000140010c70     libucrt:nlsdata.obj
 0002:00001c78       ??_C@_17IJPCKHK@?$AAJ?$AAu?$AAl@ 0000000140010c78     libucrt:nlsdata.obj
 0002:00001c80       ??_C@_17ICPELBCN@?$AAA?$AAu?$AAg@ 0000000140010c80     libucrt:nlsdata.obj
 0002:00001c88       ??_C@_17HCHCOKMG@?$AAS?$AAe?$AAp@ 0000000140010c88     libucrt:nlsdata.obj
 0002:00001c90       ??_C@_17FNLKOI@?$AAO?$AAc?$AAt@ 0000000140010c90     libucrt:nlsdata.obj
 0002:00001c98       ??_C@_17BBDMLCIG@?$AAN?$AAo?$AAv@ 0000000140010c98     libucrt:nlsdata.obj
 0002:00001ca0       ??_C@_17EGKACKIF@?$AAD?$AAe?$AAc@ 0000000140010ca0     libucrt:nlsdata.obj
 0002:00001ca8       ??_C@_1BA@EFMEIEBA@?$AAJ?$AAa?$AAn?$AAu?$AAa?$AAr?$AAy@ 0000000140010ca8     libucrt:nlsdata.obj
 0002:00001cb8       ??_C@_1BC@JGDDFFAM@?$AAF?$AAe?$AAb?$AAr?$AAu?$AAa?$AAr?$AAy@ 0000000140010cb8     libucrt:nlsdata.obj
 0002:00001cd0       ??_C@_1M@IKEENEDF@?$AAM?$AAa?$AAr?$AAc?$AAh@ 0000000140010cd0     libucrt:nlsdata.obj
 0002:00001ce0       ??_C@_1M@GJNLMHFD@?$AAA?$AAp?$AAr?$AAi?$AAl@ 0000000140010ce0     libucrt:nlsdata.obj
 0002:00001cf0       ??_C@_19EPFLPGAP@?$AAJ?$AAu?$AAn?$AAe@ 0000000140010cf0     libucrt:nlsdata.obj
 0002:00001d00       ??_C@_19BIFMLPCD@?$AAJ?$AAu?$AAl?$AAy@ 0000000140010d00     libucrt:nlsdata.obj
 0002:00001d10       ??_C@_1O@PAHLKOAC@?$AAA?$AAu?$AAg?$AAu?$AAs?$AAt@ 0000000140010d10     libucrt:nlsdata.obj
 0002:00001d20       ??_C@_1BE@DKAAMBJL@?$AAS?$AAe?$AAp?$AAt?$AAe?$AAm?$AAb?$AAe?$AAr@ 0000000140010d20     libucrt:nlsdata.obj
 0002:00001d38       ??_C@_1BA@EPANDLNG@?$AAO?$AAc?$AAt?$AAo?$AAb?$AAe?$AAr@ 0000000140010d38     libucrt:nlsdata.obj
 0002:00001d48       ??_C@_1BC@BGLIFPF@?$AAN?$AAo?$AAv?$AAe?$AAm?$AAb?$AAe?$AAr@ 0000000140010d48     libucrt:nlsdata.obj
 0002:00001d60       ??_C@_1BC@FEMKIFH@?$AAD?$AAe?$AAc?$AAe?$AAm?$AAb?$AAe?$AAr@ 0000000140010d60     libucrt:nlsdata.obj
 0002:00001d74       ??_C@_15ODEHAHHF@?$AAA?$AAM@ 0000000140010d74     libucrt:nlsdata.obj
 0002:00001d7c       ??_C@_15CLMNNGEL@?$AAP?$AAM@ 0000000140010d7c     libucrt:nlsdata.obj
 0002:00001d88       ??_C@_1BC@IEBCMHCM@?$AAM?$AAM?$AA?1?$AAd?$AAd?$AA?1?$AAy?$AAy@ 0000000140010d88     libucrt:nlsdata.obj
 0002:00001da0       ??_C@_1CI@KNAKOEBC@?$AAd?$AAd?$AAd?$AAd?$AA?0?$AA?5?$AAM?$AAM?$AAM?$AAM?$AA?5?$AAd?$AAd?$AA?0?$AA?5@ 0000000140010da0     libucrt:nlsdata.obj
 0002:00001dc8       ??_C@_1BC@GDGBMEMK@?$AAH?$AAH?$AA?3?$AAm?$AAm?$AA?3?$AAs?$AAs@ 0000000140010dc8     libucrt:nlsdata.obj
 0002:00001de0       ??_C@_1M@BMHNFIME@?$AAe?$AAn?$AA?9?$AAU?$AAS@ 0000000140010de0     libucrt:nlsdata.obj
 0002:00001df0       __newctype                 0000000140010df0     libucrt:ctype.obj
 0002:000020f0       __newclmap                 00000001400110f0     libucrt:ctype.obj
 0002:00002270       __newcumap                 0000000140011270     libucrt:ctype.obj
 0002:000023f0       ??_C@_15PJPFLCCM@?$AAu?$AAk@ 00000001400113f0     libucrt:get_qualified_locale.obj
 0002:000024a0       ??_C@_1EA@JGEFHKEI@?$AAa?$AAp?$AAi?$AA?9?$AAm?$AAs?$AA?9?$AAw?$AAi?$AAn?$AA?9?$AAc?$AAo?$AAr?$AAe@ 00000001400114a0     libucrt:winapi_thunks.obj
 0002:000024e0       ??_C@_1DI@IJCEHOCB@?$AAa?$AAp?$AAi?$AA?9?$AAm?$AAs?$AA?9?$AAw?$AAi?$AAn?$AA?9?$AAc?$AAo?$AAr?$AAe@ 00000001400114e0     libucrt:winapi_thunks.obj
 0002:00002520       ??_C@_1EI@MPIAOHOC@?$AAa?$AAp?$AAi?$AA?9?$AAm?$AAs?$AA?9?$AAw?$AAi?$AAn?$AA?9?$AAc?$AAo?$AAr?$AAe@ 0000000140011520     libucrt:winapi_thunks.obj
 0002:00002570       ??_C@_1FK@FPHCKFIE@?$AAa?$AAp?$AAi?$AA?9?$AAm?$AAs?$AA?9?$AAw?$AAi?$AAn?$AA?9?$AAc?$AAo?$AAr?$AAe@ 0000000140011570     libucrt:winapi_thunks.obj
 0002:000025d0       ??_C@_1EM@DILCGIIO@?$AAa?$AAp?$AAi?$AA?9?$AAm?$AAs?$AA?9?$AAw?$AAi?$AAn?$AA?9?$AAc?$AAo?$AAr?$AAe@ 00000001400115d0     libucrt:winapi_thunks.obj
 0002:00002620       ??_C@_1DM@LNCGDDPN@?$AAa?$AAp?$AAi?$AA?9?$AAm?$AAs?$AA?9?$AAw?$AAi?$AAn?$AA?9?$AAc?$AAo?$AAr?$AAe@ 0000000140011620     libucrt:winapi_thunks.obj
 0002:00002660       ??_C@_1DO@FPAPJEMD@?$AAa?$AAp?$AAi?$AA?9?$AAm?$AAs?$AA?9?$AAw?$AAi?$AAn?$AA?9?$AAc?$AAo?$AAr?$AAe@ 0000000140011660     libucrt:winapi_thunks.obj
 0002:000026a0       ??_C@_1DK@NDHNAHIO@?$AAa?$AAp?$AAi?$AA?9?$AAm?$AAs?$AA?9?$AAw?$AAi?$AAn?$AA?9?$AAc?$AAo?$AAr?$AAe@ 00000001400116a0     libucrt:winapi_thunks.obj
 0002:000026e0       ??_C@_1DM@KGHDGBCM@?$AAa?$AAp?$AAi?$AA?9?$AAm?$AAs?$AA?9?$AAw?$AAi?$AAn?$AA?9?$AAc?$AAo?$AAr?$AAe@ 00000001400116e0     libucrt:winapi_thunks.obj
 0002:00002720       ??_C@_1EO@IJIOEFOH@?$AAa?$AAp?$AAi?$AA?9?$AAm?$AAs?$AA?9?$AAw?$AAi?$AAn?$AA?9?$AAr?$AAt?$AAc?$AAo@ 0000000140011720     libucrt:winapi_thunks.obj
 0002:00002770       ??_C@_1FG@HHGEKANL@?$AAa?$AAp?$AAi?$AA?9?$AAm?$AAs?$AA?9?$AAw?$AAi?$AAn?$AA?9?$AAs?$AAe?$AAc?$AAu@ 0000000140011770     libucrt:winapi_thunks.obj
 0002:000027d0       ??_C@_1EG@DBIOJECG@?$AAe?$AAx?$AAt?$AA?9?$AAm?$AAs?$AA?9?$AAw?$AAi?$AAn?$AA?9?$AAn?$AAt?$AAu?$AAs@ 00000001400117d0     libucrt:winapi_thunks.obj
 0002:00002820       ??_C@_1EO@FIHMJCLF@?$AAe?$AAx?$AAt?$AA?9?$AAm?$AAs?$AA?9?$AAw?$AAi?$AAn?$AA?9?$AAn?$AAt?$AAu?$AAs@ 0000000140011820     libucrt:winapi_thunks.obj
 0002:00002870       ??_C@_1BC@DNHGCMLG@?$AAa?$AAd?$AAv?$AAa?$AAp?$AAi?$AA3?$AA2@ 0000000140011870     libucrt:winapi_thunks.obj
 0002:00002888       ??_C@_1M@OAIMIKLP@?$AAn?$AAt?$AAd?$AAl?$AAl@ 0000000140011888     libucrt:winapi_thunks.obj
 0002:000028a0       ??_C@_1EG@DPGNFKGC@?$AAa?$AAp?$AAi?$AA?9?$AAm?$AAs?$AA?9?$AAw?$AAi?$AAn?$AA?9?$AAa?$AAp?$AAp?$AAm@ 00000001400118a0     libucrt:winapi_thunks.obj
 0002:000028e8       ??_C@_1O@BCCLBEOE@?$AAu?$AAs?$AAe?$AAr?$AA3?$AA2@ 00000001400118e8     libucrt:winapi_thunks.obj
 0002:000028f8       ??_C@_1BA@IAIFMGEF@?$AAe?$AAx?$AAt?$AA?9?$AAm?$AAs?$AA?9@ 00000001400118f8     libucrt:winapi_thunks.obj
 0002:00002910       ??_C@_0BA@FHFNEAED@AreFileApisANSI@ 0000000140011910     libucrt:winapi_thunks.obj
 0002:00002950       ??_C@_0O@KKBNKAPF@LCMapStringEx@ 0000000140011950     libucrt:winapi_thunks.obj
 0002:00002968       ??_C@_0BB@HBDEELFH@LocaleNameToLCID@ 0000000140011968     libucrt:winapi_thunks.obj
 0002:00002980       ??_C@_0CF@OJOFEIGO@AppPolicyGetProcessTerminationM@ 0000000140011980     libucrt:winapi_thunks.obj
 0002:000029a8       ??_C@_05HGHHAHAP@log10@    00000001400119a8     libucrt:fpexcept.obj
 0002:000037f0       ??_C@_15EMKDOKLE@?$AAa?$AAr@ 00000001400127f0     libucrt:lcidtoname_downlevel.obj
 0002:000037f8       ??_C@_15KNPADPLH@?$AAb?$AAg@ 00000001400127f8     libucrt:lcidtoname_downlevel.obj
 0002:00003800       ??_C@_15EDMHLDMO@?$AAc?$AAa@ 0000000140012800     libucrt:lcidtoname_downlevel.obj
 0002:00003808       ??_C@_1O@BPEAJADD@?$AAz?$AAh?$AA?9?$AAC?$AAH?$AAS@ 0000000140012808     libucrt:lcidtoname_downlevel.obj
 0002:00003818       ??_C@_15LJNHCMNK@?$AAc?$AAs@ 0000000140012818     libucrt:lcidtoname_downlevel.obj
 0002:00003820       ??_C@_15FOMCIDHG@?$AAd?$AAa@ 0000000140012820     libucrt:lcidtoname_downlevel.obj
 0002:00003828       ??_C@_15NBKABECB@?$AAd?$AAe@ 0000000140012828     libucrt:lcidtoname_downlevel.obj
 0002:00003830       ??_C@_15GHPEIIAO@?$AAe?$AAl@ 0000000140012830     libucrt:lcidtoname_downlevel.obj
 0002:00003838       ??_C@_15MNPNEAIF@?$AAe?$AAn@ 0000000140012838     libucrt:lcidtoname_downlevel.obj
 0002:00003840       ??_C@_15GPIOMPMH@?$AAe?$AAs@ 0000000140012840     libucrt:lcidtoname_downlevel.obj
 0002:00003848       ??_C@_15NGLOAKJC@?$AAf?$AAi@ 0000000140012848     libucrt:lcidtoname_downlevel.obj
 0002:00003850       ??_C@_15FBKGNKAM@?$AAf?$AAr@ 0000000140012850     libucrt:lcidtoname_downlevel.obj
 0002:00003858       ??_C@_15KGGCNEFK@?$AAh?$AAe@ 0000000140012858     libucrt:lcidtoname_downlevel.obj
 0002:00003860       ??_C@_15PGHLIDMF@?$AAh?$AAu@ 0000000140012860     libucrt:lcidtoname_downlevel.obj
 0002:00003868       ??_C@_15BIEMAPLM@?$AAi?$AAs@ 0000000140012868     libucrt:lcidtoname_downlevel.obj
 0002:00003870       ??_C@_15IFJLDHAF@?$AAi?$AAt@ 0000000140012870     libucrt:lcidtoname_downlevel.obj
 0002:00003878       ??_C@_15GEMIOCAG@?$AAj?$AAa@ 0000000140012878     libucrt:lcidtoname_downlevel.obj
 0002:00003880       ??_C@_15EPELEGJA@?$AAk?$AAo@ 0000000140012880     libucrt:lcidtoname_downlevel.obj
 0002:00003888       ??_C@_15NDDHIMN@?$AAn?$AAl@ 0000000140012888     libucrt:lcidtoname_downlevel.obj
 0002:00003890       ??_C@_15BPIGNHCD@?$AAn?$AAo@ 0000000140012890     libucrt:lcidtoname_downlevel.obj
 0002:00003898       ??_C@_15DEOPBLCG@?$AAp?$AAl@ 0000000140012898     libucrt:lcidtoname_downlevel.obj
 0002:000038a0       ??_C@_15KBECGEFG@?$AAp?$AAt@ 00000001400128a0     libucrt:lcidtoname_downlevel.obj
 0002:000038a8       ??_C@_15GLJCBFMD@?$AAr?$AAo@ 00000001400128a8     libucrt:lcidtoname_downlevel.obj
 0002:000038b0       ??_C@_15FEDGKCDI@?$AAr?$AAu@ 00000001400128b0     libucrt:lcidtoname_downlevel.obj
 0002:000038b8       ??_C@_15GLKMLLHM@?$AAh?$AAr@ 00000001400128b8     libucrt:lcidtoname_downlevel.obj
 0002:000038c0       ??_C@_15CPKMFBDB@?$AAs?$AAk@ 00000001400128c0     libucrt:lcidtoname_downlevel.obj
 0002:000038c8       ??_C@_15BAAIOGMK@?$AAs?$AAq@ 00000001400128c8     libucrt:lcidtoname_downlevel.obj
 0002:000038d0       ??_C@_15INNPNOHD@?$AAs?$AAv@ 00000001400128d0     libucrt:lcidtoname_downlevel.obj
 0002:000038d8       ??_C@_15CABMMOGH@?$AAt?$AAh@ 00000001400128d8     libucrt:lcidtoname_downlevel.obj
 0002:000038e0       ??_C@_15BPLIHJJM@?$AAt?$AAr@ 00000001400128e0     libucrt:lcidtoname_downlevel.obj
 0002:000038e8       ??_C@_15NEOEKKDJ@?$AAu?$AAr@ 00000001400128e8     libucrt:lcidtoname_downlevel.obj
 0002:000038f0       ??_C@_15NFICGAJK@?$AAi?$AAd@ 00000001400128f0     libucrt:lcidtoname_downlevel.obj
 0002:000038f8       ??_C@_15HPJPHDM@?$AAb?$AAe@ 00000001400128f8     libucrt:lcidtoname_downlevel.obj
 0002:00003900       ??_C@_15LCHLGJII@?$AAs?$AAl@ 0000000140012900     libucrt:lcidtoname_downlevel.obj
 0002:00003908       ??_C@_15PCFJPHHO@?$AAe?$AAt@ 0000000140012908     libucrt:lcidtoname_downlevel.obj
 0002:00003910       ??_C@_15HPFPGODN@?$AAl?$AAv@ 0000000140012910     libucrt:lcidtoname_downlevel.obj
 0002:00003918       ??_C@_15NFFGKGLG@?$AAl?$AAt@ 0000000140012918     libucrt:lcidtoname_downlevel.obj
 0002:00003920       ??_C@_15BDAKCCHN@?$AAf?$AAa@ 0000000140012920     libucrt:lcidtoname_downlevel.obj
 0002:00003928       ??_C@_15NFGIAIAJ@?$AAv?$AAi@ 0000000140012928     libucrt:lcidtoname_downlevel.obj
 0002:00003930       ??_C@_15LMKNDMHN@?$AAh?$AAy@ 0000000140012930     libucrt:lcidtoname_downlevel.obj
 0002:00003938       ??_C@_15IJBHMCFL@?$AAa?$AAz@ 0000000140012938     libucrt:lcidtoname_downlevel.obj
 0002:00003940       ??_C@_15EKOFJABL@?$AAe?$AAu@ 0000000140012940     libucrt:lcidtoname_downlevel.obj
 0002:00003948       ??_C@_15BGHADCNK@?$AAm?$AAk@ 0000000140012948     libucrt:lcidtoname_downlevel.obj
 0002:00003950       ??_C@_15JDNICKHM@?$AAa?$AAf@ 0000000140012950     libucrt:lcidtoname_downlevel.obj
 0002:00003958       ??_C@_15KPJEDBKD@?$AAk?$AAa@ 0000000140012958     libucrt:lcidtoname_downlevel.obj
 0002:00003960       ??_C@_15PDNFFFEO@?$AAf?$AAo@ 0000000140012960     libucrt:lcidtoname_downlevel.obj
 0002:00003968       ??_C@_15OMLEGLOC@?$AAh?$AAi@ 0000000140012968     libucrt:lcidtoname_downlevel.obj
 0002:00003970       ??_C@_15IDNNENKK@?$AAm?$AAs@ 0000000140012970     libucrt:lcidtoname_downlevel.obj
 0002:00003978       ??_C@_15MACJNBMH@?$AAk?$AAk@ 0000000140012978     libucrt:lcidtoname_downlevel.obj
 0002:00003980       ??_C@_15DKDJEOND@?$AAk?$AAy@ 0000000140012980     libucrt:lcidtoname_downlevel.obj
 0002:00003988       ??_C@_15DFGDLJBG@?$AAs?$AAw@ 0000000140012988     libucrt:lcidtoname_downlevel.obj
 0002:00003990       ??_C@_15BBFAICNG@?$AAu?$AAz@ 0000000140012990     libucrt:lcidtoname_downlevel.obj
 0002:00003998       ??_C@_15DKNDCGEA@?$AAt?$AAt@ 0000000140012998     libucrt:lcidtoname_downlevel.obj
 0002:000039a0       ??_C@_15MGIFMDPL@?$AAp?$AAa@ 00000001400129a0     libucrt:lcidtoname_downlevel.obj
 0002:000039a8       ??_C@_15HCNDBBA@?$AAg?$AAu@ 00000001400129a8     libucrt:lcidtoname_downlevel.obj
 0002:000039b0       ??_C@_15FNBEIBON@?$AAt?$AAa@ 00000001400129b0     libucrt:lcidtoname_downlevel.obj
 0002:000039b8       ??_C@_15NCHGBGLK@?$AAt?$AAe@ 00000001400129b8     libucrt:lcidtoname_downlevel.obj
 0002:000039c0       ??_C@_15PHPHCBPF@?$AAk?$AAn@ 00000001400129c0     libucrt:lcidtoname_downlevel.obj
 0002:000039c8       ??_C@_15DLGBCKMP@?$AAm?$AAr@ 00000001400129c8     libucrt:lcidtoname_downlevel.obj
 0002:000039d0       ??_C@_15EABBLBFF@?$AAs?$AAa@ 00000001400129d0     libucrt:lcidtoname_downlevel.obj
 0002:000039d8       ??_C@_15CBKOMCOI@?$AAm?$AAn@ 00000001400129d8     libucrt:lcidtoname_downlevel.obj
 0002:000039e0       ??_C@_15CKDMCJAF@?$AAg?$AAl@ 00000001400129e0     libucrt:lcidtoname_downlevel.obj
 0002:000039e8       ??_C@_17CNJFBPG@?$AAk?$AAo?$AAk@ 00000001400129e8     libucrt:lcidtoname_downlevel.obj
 0002:000039f0       ??_C@_17FFBJICPL@?$AAs?$AAy?$AAr@ 00000001400129f0     libucrt:lcidtoname_downlevel.obj
 0002:000039f8       ??_C@_17KPNDCPAF@?$AAd?$AAi?$AAv@ 00000001400129f8     libucrt:lcidtoname_downlevel.obj
 0002:00003a00       ??_C@_11LOCGONAA@@         0000000140012a00     libucrt:lcidtoname_downlevel.obj
 0002:00003a08       ??_C@_1M@OKAHONE@?$AAa?$AAr?$AA?9?$AAS?$AAA@ 0000000140012a08     libucrt:lcidtoname_downlevel.obj
 0002:00003a18       ??_C@_1M@FFFIGIGK@?$AAb?$AAg?$AA?9?$AAB?$AAG@ 0000000140012a18     libucrt:lcidtoname_downlevel.obj
 0002:00003a28       ??_C@_1M@BJNKEDC@?$AAc?$AAa?$AA?9?$AAE?$AAS@ 0000000140012a28     libucrt:lcidtoname_downlevel.obj
 0002:00003a38       ??_C@_1M@IJJHFJHA@?$AAc?$AAs?$AA?9?$AAC?$AAZ@ 0000000140012a38     libucrt:lcidtoname_downlevel.obj
 0002:00003a48       ??_C@_1M@CLPEOBGI@?$AAd?$AAa?$AA?9?$AAD?$AAK@ 0000000140012a48     libucrt:lcidtoname_downlevel.obj
 0002:00003a58       ??_C@_1M@MCMADGCB@?$AAd?$AAe?$AA?9?$AAD?$AAE@ 0000000140012a58     libucrt:lcidtoname_downlevel.obj
 0002:00003a68       ??_C@_1M@OOCKEMAM@?$AAe?$AAl?$AA?9?$AAG?$AAR@ 0000000140012a68     libucrt:lcidtoname_downlevel.obj
 0002:00003a78       ??_C@_1M@DDNJFGID@?$AAf?$AAi?$AA?9?$AAF?$AAI@ 0000000140012a78     libucrt:lcidtoname_downlevel.obj
 0002:00003a88       ??_C@_1M@GLIPPMAC@?$AAf?$AAr?$AA?9?$AAF?$AAR@ 0000000140012a88     libucrt:lcidtoname_downlevel.obj
 0002:00003a98       ??_C@_1M@GFMCHPE@?$AAh?$AAe?$AA?9?$AAI?$AAL@ 0000000140012a98     libucrt:lcidtoname_downlevel.obj
 0002:00003aa8       ??_C@_1M@MHLPGNKM@?$AAh?$AAu?$AA?9?$AAH?$AAU@ 0000000140012aa8     libucrt:lcidtoname_downlevel.obj
 0002:00003ab8       ??_C@_1M@LPDDNNPN@?$AAi?$AAs?$AA?9?$AAI?$AAS@ 0000000140012ab8     libucrt:lcidtoname_downlevel.obj
 0002:00003ac8       ??_C@_1M@MADIPODN@?$AAi?$AAt?$AA?9?$AAI?$AAT@ 0000000140012ac8     libucrt:lcidtoname_downlevel.obj
 0002:00003ad8       ??_C@_1M@IHBJJGG@?$AAn?$AAl?$AA?9?$AAN?$AAL@ 0000000140012ad8     libucrt:lcidtoname_downlevel.obj
 0002:00003ae8       ??_C@_1M@EANAGDL@?$AAn?$AAb?$AA?9?$AAN?$AAO@ 0000000140012ae8     libucrt:lcidtoname_downlevel.obj
 0002:00003af8       ??_C@_1M@NEIEMEGP@?$AAp?$AAl?$AA?9?$AAP?$AAL@ 0000000140012af8     libucrt:lcidtoname_downlevel.obj
 0002:00003b08       ??_C@_1M@BOCFIGEP@?$AAp?$AAt?$AA?9?$AAB?$AAR@ 0000000140012b08     libucrt:lcidtoname_downlevel.obj
 0002:00003b18       ??_C@_1M@IMPFOPBG@?$AAr?$AAo?$AA?9?$AAR?$AAO@ 0000000140012b18     libucrt:lcidtoname_downlevel.obj
 0002:00003b28       ??_C@_1M@IDNNEJMM@?$AAr?$AAu?$AA?9?$AAR?$AAU@ 0000000140012b28     libucrt:lcidtoname_downlevel.obj
 0002:00003b38       ??_C@_1M@LILEEOGM@?$AAh?$AAr?$AA?9?$AAH?$AAR@ 0000000140012b38     libucrt:lcidtoname_downlevel.obj
 0002:00003b48       ??_C@_1M@FKIFEHPB@?$AAs?$AAk?$AA?9?$AAS?$AAK@ 0000000140012b48     libucrt:lcidtoname_downlevel.obj
 0002:00003b58       ??_C@_1M@LJMAMNPJ@?$AAs?$AAq?$AA?9?$AAA?$AAL@ 0000000140012b58     libucrt:lcidtoname_downlevel.obj
 0002:00003b68       ??_C@_1M@GIAKDKJK@?$AAs?$AAv?$AA?9?$AAS?$AAE@ 0000000140012b68     libucrt:lcidtoname_downlevel.obj
 0002:00003b78       ??_C@_1M@MKJKIKCL@?$AAt?$AAh?$AA?9?$AAT?$AAH@ 0000000140012b78     libucrt:lcidtoname_downlevel.obj
 0002:00003b88       ??_C@_1M@MFLCCMPB@?$AAt?$AAr?$AA?9?$AAT?$AAR@ 0000000140012b88     libucrt:lcidtoname_downlevel.obj
 0002:00003b98       ??_C@_1M@OIJHDKJN@?$AAu?$AAr?$AA?9?$AAP?$AAK@ 0000000140012b98     libucrt:lcidtoname_downlevel.obj
 0002:00003ba8       ??_C@_1M@LHIPCIEK@?$AAi?$AAd?$AA?9?$AAI?$AAD@ 0000000140012ba8     libucrt:lcidtoname_downlevel.obj
 0002:00003bb8       ??_C@_1M@MFMOBGI@?$AAu?$AAk?$AA?9?$AAU?$AAA@ 0000000140012bb8     libucrt:lcidtoname_downlevel.obj
 0002:00003bc8       ??_C@_1M@OBGLJIPL@?$AAb?$AAe?$AA?9?$AAB?$AAY@ 0000000140012bc8     libucrt:lcidtoname_downlevel.obj
 0002:00003bd8       ??_C@_1M@BCFAJEAD@?$AAs?$AAl?$AA?9?$AAS?$AAI@ 0000000140012bd8     libucrt:lcidtoname_downlevel.obj
 0002:00003be8       ??_C@_1M@FKFFEDDN@?$AAe?$AAt?$AA?9?$AAE?$AAE@ 0000000140012be8     libucrt:lcidtoname_downlevel.obj
 0002:00003bf8       ??_C@_1M@KGKKAACI@?$AAl?$AAv?$AA?9?$AAL?$AAV@ 0000000140012bf8     libucrt:lcidtoname_downlevel.obj
 0002:00003c08       ??_C@_1M@IFGBIJO@?$AAl?$AAt?$AA?9?$AAL?$AAT@ 0000000140012c08     libucrt:lcidtoname_downlevel.obj
 0002:00003c18       ??_C@_1M@FGEAHEDM@?$AAf?$AAa?$AA?9?$AAI?$AAR@ 0000000140012c18     libucrt:lcidtoname_downlevel.obj
 0002:00003c28       ??_C@_1M@KBMAIBFN@?$AAv?$AAi?$AA?9?$AAV?$AAN@ 0000000140012c28     libucrt:lcidtoname_downlevel.obj
 0002:00003c38       ??_C@_1M@GPCBKDJK@?$AAh?$AAy?$AA?9?$AAA?$AAM@ 0000000140012c38     libucrt:lcidtoname_downlevel.obj
 0002:00003c48       ??_C@_1BG@BECMDDJB@?$AAa?$AAz?$AA?9?$AAA?$AAZ?$AA?9?$AAL?$AAa?$AAt?$AAn@ 0000000140012c48     libucrt:lcidtoname_downlevel.obj
[...]
 0002:00008058       $xdatasym                  0000000140017058     libucrt:strncmp.obj
 0002:0000805c       $unwind$_call_matherr      000000014001705c     libucrt:libm_error.obj
 0002:00008064       $unwind$_handle_error      0000000140017064     libucrt:libm_error.obj
 0002:00008084       $unwind$_free_base         0000000140017084     libucrt:free_base.obj
 0002:00008084       $unwind$?destroy_fls@@YAXPEAX@Z 0000000140017084     libucrt:per_thread_data.obj
 0002:00008084       $unwind$__acrt_locale_free_numeric 0000000140017084     libucrt:initnum.obj
 0002:00008084       $unwind$__acrt_locale_free_lc_time_if_unreferenced 0000000140017084     libucrt:locale_refcounting.obj
 0002:0000808c       $unwind$?construct_ptd_array@@YAXQEAU__acrt_ptd@@@Z 000000014001708c     libucrt:per_thread_data.obj
 0002:00008094       $unwind$?destroy_ptd_array@@YAXQEAU__acrt_ptd@@@Z 0000000140017094     libucrt:per_thread_data.obj
 0002:0000809c       $unwind$??$?RV<lambda_0ae27a3a962d80f24befdcbee591983d>@@AEAV<lambda_8d0ee55de4b1038c4002e0adecdf1839>@@V<lambda_dc504788e8f1664fe9b84e20bfb512f2>@@@?$__crt_seh_guarded_call@X@@QEAAX$$QEAV<lambda_0ae27a3a962d80f24befdcbee591983d>@@AEAV<lambda_8d0ee55de4b1038c4002e0adecdf1839>@@$$QEAV<lambda_dc504788e8f1664fe9b84e20bfb512f2>@@@Z 000000014001709c     libucrt:per_thread_data.obj
 0002:000080c0       $unwind$??$?RV<lambda_aa87e3671a710a21b5dc78c0bdf72e11>@@AEAV<lambda_92619d2358a28f41a33ba319515a20b9>@@V<lambda_6992ecaafeb10aed2b74cb1fae11a551>@@@?$__crt_seh_guarded_call@X@@QEAAX$$QEAV<lambda_aa87e3671a710a21b5dc78c0bdf72e11>@@AEAV<lambda_92619d2358a28f41a33ba319515a20b9>@@$$QEAV<lambda_6992ecaafeb10aed2b74cb1fae11a551>@@@Z 00000001400170c0     libucrt:per_thread_data.obj
 0002:000080e4       $unwind$??$?RV<lambda_f2e299630e499de9f9a165e60fcd3db5>@@AEAV<lambda_2ae9d31cdba2644fcbeaf08da7c24588>@@V<lambda_40d01ff24d0e7b3814fdbdcee8eab3c7>@@@?$__crt_seh_guarded_call@X@@QEAAX$$QEAV<lambda_f2e299630e499de9f9a165e60fcd3db5>@@AEAV<lambda_2ae9d31cdba2644fcbeaf08da7c24588>@@$$QEAV<lambda_40d01ff24d0e7b3814fdbdcee8eab3c7>@@@Z 00000001400170e4     libucrt:per_thread_data.obj
 0002:00008108       $unwind$??$?RV<lambda_2d41944a1d46af3157314b8a01080d33>@@AEAV<lambda_8f455de75cd7d7f24b4096f044d8b9e6>@@V<lambda_aa500f224e6afead328df44964fe2772>@@@?$__crt_seh_guarded_call@X@@QEAAX$$QEAV<lambda_2d41944a1d46af3157314b8a01080d33>@@AEAV<lambda_8f455de75cd7d7f24b4096f044d8b9e6>@@$$QEAV<lambda_aa500f224e6afead328df44964fe2772>@@@Z 0000000140017108     libucrt:per_thread_data.obj
 0002:0000812c       $unwind$_invalid_parameter_noinfo 000000014001712c     libucrt:invalid_parameter.obj
 0002:0000812c       $unwind$_log10_special     000000014001712c     libucrt:log_special.obj
 0002:00008134       $unwind$__acrt_call_reportfault 0000000140017134     libucrt:invalid_parameter.obj
 0002:00008154       $unwind$_invalid_parameter 0000000140017154     libucrt:invalid_parameter.obj
 0002:00008168       $unwind$??$__acrt_mbs_to_wcs_cp@U__crt_win32_buffer_internal_dynamic_resizing@@@@YAHQEBDAEAV?$__crt_win32_buffer@_WU__crt_win32_buffer_internal_dynamic_resizing@@@@I@Z 0000000140017168     libucrt:argv_wildcards.obj
 0002:00008180       $unwind$__dcrt_get_narrow_environment_from_os 0000000140017180     libucrt:get_environment_from_os.obj
 0002:00008180       $unwind$??$__acrt_wcs_to_mbs_cp@U__crt_win32_buffer_internal_dynamic_resizing@@@@YAHQEB_WAEAV?$__crt_win32_buffer@DU__crt_win32_buffer_internal_dynamic_resizing@@@@I@Z 0000000140017180     libucrt:argv_wildcards.obj
 0002:00008198       $unwind$??$common_expand_argv_wildcards@D@@YAHQEAPEADQEAPEAPEAD@Z 0000000140017198     libucrt:argv_wildcards.obj
 0002:000081b0       $unwind$??$copy_and_add_argument_to_buffer@D@@YAHQEBD0_KAEAV?$argument_list@D@?A0x5f5c8891@@@Z 00000001400171b0     libucrt:argv_wildcards.obj
 0002:000081cc       $unwind$??$expand_argument_wildcards@D@@YAHQEAD0AEAV?$argument_list@D@?A0x5f5c8891@@@Z 00000001400171cc     libucrt:argv_wildcards.obj
 0002:000081f0       $unwind$__acrt_GetModuleFileNameA 00000001400171f0     libucrt:getmodulefilenamea.obj
 0002:0000820c       $unwind$__dcrt_write_console 000000014001720c     libucrt:initcon.obj
 0002:0000820c       $unwind$??$__acrt_wcs_to_mbs_cp@U__crt_win32_buffer_no_resizing@@@@YAHQEB_WAEAV?$__crt_win32_buffer@DU__crt_win32_buffer_no_resizing@@@@I@Z 000000014001720c     libucrt:getmodulefilenamea.obj
 0002:00008220       $unwind$_setmbcp_nolock    0000000140017220     libucrt:mbctype.obj
 0002:00008240       $unwind$__dcrt_lowio_ensure_console_output_initialized 0000000140017240     libucrt:initcon.obj
 0002:00008240       $unwind$_isleadbyte_l      0000000140017240     libucrt:_wctype.obj
 0002:00008240       $unwind$?getSystemCP@@YAHH@Z 0000000140017240     libucrt:mbctype.obj
 0002:00008248       $unwind$?update_thread_multibyte_data_internal@@YAPEAU__crt_multibyte_data@@QEAU__acrt_ptd@@QEAPEAU1@@Z 0000000140017248     libucrt:mbctype.obj
 0002:00008270       $unwind$?setmbcp_internal@@YAHH_NQEAU__acrt_ptd@@QEAPEAU__crt_multibyte_data@@@Z 0000000140017270     libucrt:mbctype.obj
 0002:00008280       $unwind$?setSBUpLow@@YAXPEAU__crt_multibyte_data@@@Z 0000000140017280     libucrt:mbctype.obj
 0002:0000829c       $unwind$??$?RV<lambda_efdfa57d1f175319df784efa44bb7b81>@@AEAV<lambda_5f0a4c1567f8adc6734073e5d1e1b35c>@@V<lambda_2e8a7d3640ea6ccb4c2413664c2db6fd>@@@?$__crt_seh_guarded_call@X@@QEAAX$$QEAV<lambda_efdfa57d1f175319df784efa44bb7b81>@@AEAV<lambda_5f0a4c1567f8adc6734073e5d1e1b35c>@@$$QEAV<lambda_2e8a7d3640ea6ccb4c2413664c2db6fd>@@@Z 000000014001729c     libucrt:mbctype.obj
 0002:000082c0       $unwind$?x_ismbbtype_l@@YAHPEAU__crt_locale_pointers@@IHH@Z 00000001400172c0     libucrt:ismbbyte.obj
 0002:000082d0       $unwind$__acrt_WideCharToMultiByte 00000001400172d0     libucrt:widechartomultibyte.obj
 0002:000082dc       $unwind$_free_osfhnd       00000001400172dc     libucrt:osfinfo.obj
 0002:000082f0       $unwind$__acrt_lowio_destroy_handle_array 00000001400172f0     libucrt:osfinfo.obj
 0002:00008300       $unwind$__acrt_lowio_ensure_fh_exists 0000000140017300     libucrt:osfinfo.obj
 0002:0000832c       $unwind$__acrt_initialize_lowio 000000014001732c     libucrt:ioinit.obj
 0002:0000834c       $unwind$?initialize_inherited_file_handles_nolock@@YAXXZ 000000014001734c     libucrt:ioinit.obj
 0002:00008368       $unwind$?initialize_stdio_handles_nolock@@YAXXZ 0000000140017368     libucrt:ioinit.obj
 0002:00008368       $unwind$__acrt_initialize_stdio 0000000140017368     libucrt:_file.obj
 0002:00008380       $unwind$__acrt_locale_free_monetary 0000000140017380     libucrt:initmon.obj
 0002:00008388       $unwind$__acrt_locale_free_time 0000000140017388     libucrt:inittime.obj
 0002:00008398       $unwind$__acrt_GetStringTypeA 0000000140017398     libucrt:getstringtypea.obj
 0002:000083c0       $unwind$__acrt_update_thread_locale_data 00000001400173c0     libucrt:locale_refcounting.obj
 0002:000083e4       $unwind$__acrt_initialize_winapi_thunks 00000001400173e4     libucrt:winapi_thunks.obj
 0002:000083ec       $unwind$_mbtowc_l          00000001400173ec     libucrt:mbtowc.obj
 0002:000083ec       $unwind$__acrt_LCMapStringEx 00000001400173ec     libucrt:winapi_thunks.obj
 0002:00008400       $unwind$_query_new_handler 0000000140017400     libucrt:new_handler.obj
 0002:00008420       $unwind$raise              0000000140017420     libucrt:signal.obj
 0002:0000845c       $unwind$??$?RV<lambda_450d765d439847d4c735a33c368b5fc0>@@AEAV<lambda_44731a7d0e6d81c3e6aa82d741081786>@@V<lambda_601a2a7da3b7a96e9554ac7215c4b07c>@@@?$__crt_seh_guarded_call@P6AXH@Z@@QEAAP6AXH@Z$$QEAV<lambda_450d765d439847d4c735a33c368b5fc0>@@AEAV<lambda_44731a7d0e6d81c3e6aa82d741081786>@@$$QEAV<lambda_601a2a7da3b7a96e9554ac7215c4b07c>@@@Z 000000014001745c     libucrt:signal.obj
 0002:00008480       $unwind$?common_flush_all@@YAH_N@Z 0000000140017480     libucrt:fflush.obj
 0002:00008488       $unwind$??$?RV<lambda_842d9ff0dc9ef11c61343bbaebe7f885>@@AEAV<lambda_c5860995281e5c4ce005b3de8f5874ee>@@V<lambda_d90129c13df834fdcbf8d2b88dafcf2d>@@@?$__crt_seh_guarded_call@X@@QEAAX$$QEAV<lambda_842d9ff0dc9ef11c61343bbaebe7f885>@@AEAV<lambda_c5860995281e5c4ce005b3de8f5874ee>@@$$QEAV<lambda_d90129c13df834fdcbf8d2b88dafcf2d>@@@Z 0000000140017488     libucrt:fflush.obj
 0002:000084ac       $unwind$??$?RV<lambda_886d6c58226a84441f68b9f2b8217b83>@@AEAV<lambda_ab61a845afdef5b7c387490eaf3616ee>@@V<lambda_f7f22ab5edc0698d5f6905b0d3f44752>@@@?$__crt_seh_guarded_call@X@@QEAAX$$QEAV<lambda_886d6c58226a84441f68b9f2b8217b83>@@AEAV<lambda_ab61a845afdef5b7c387490eaf3616ee>@@$$QEAV<lambda_f7f22ab5edc0698d5f6905b0d3f44752>@@@Z 00000001400174ac     libucrt:fflush.obj
 0002:000084d4       $unwind$_raise_exc         00000001400174d4     libucrt:fpexcept.obj
 0002:000084dc       $unwind$_raise_exc_ex      00000001400174dc     libucrt:fpexcept.obj
 0002:000084f0       $unwind$_ctrlfp            00000001400174f0     libucrt:fpctrl.obj
 0002:00008518       $unwind$qsort              0000000140017518     libucrt:qsort.obj
 0002:00008530       $chain$4$qsort             0000000140017530     libucrt:qsort.obj
 0002:00008554       $chain$5$qsort             0000000140017554     libucrt:qsort.obj
 0002:00008564       $unwind$strpbrk            0000000140017564     libucrt:strpbrk.obj
 0002:00008574       $unwind$fallbackMethod     0000000140017574     libucrt:strpbrk.obj
 0002:00008584       $unwind$_mbsdec_l          0000000140017584     libucrt:mbsdec.obj
 0002:00008590       $unwind$__acrt_LCMapStringA 0000000140017590     libucrt:lcmapstringa.obj
 0002:000085a0       $unwind$?__acrt_LCMapStringA_stat@@YAHPEAU__crt_locale_pointers@@PEB_WKPEBDHPEADHHH@Z 00000001400175a0     libucrt:lcmapstringa.obj
 0002:000085c8       $unwind$_close             00000001400175c8     libucrt:close.obj
 0002:000085c8       $unwind$_commit            00000001400175c8     libucrt:commit.obj
 0002:000085d0       $unwind$??$?RV<lambda_a37b2b86f63e897a80ea819b0eb08c01>@@AEAV<lambda_38ce7e780aa69e748d6df282ebc68efe>@@V<lambda_99fb1378e971ab6e7edea83e3a7a83a2>@@@?$__crt_seh_guarded_call@H@@QEAAH$$QEAV<lambda_a37b2b86f63e897a80ea819b0eb08c01>@@AEAV<lambda_38ce7e780aa69e748d6df282ebc68efe>@@$$QEAV<lambda_99fb1378e971ab6e7edea83e3a7a83a2>@@@Z 00000001400175d0     libucrt:commit.obj
 0002:000085f4       $unwind$_write             00000001400175f4     libucrt:write.obj
 0002:00008624       $unwind$_write_nolock      0000000140017624     libucrt:write.obj
 0002:0000863c       $unwind$?write_double_translated_ansi_nolock@@YA?AUwrite_result@?A0x17268360@@HQEBDI@Z 000000014001763c     libucrt:write.obj
 0002:00008660       $unwind$?write_text_ansi_nolock@@YA?AUwrite_result@?A0x17268360@@HQEBDI@Z 0000000140017660     libucrt:write.obj
 0002:00008660       $unwind$?write_text_utf16le_nolock@@YA?AUwrite_result@?A0x17268360@@HQEBDI@Z 0000000140017660     libucrt:write.obj
 0002:00008680       $unwind$?write_text_utf8_nolock@@YA?AUwrite_result@?A0x17268360@@HQEBDI@Z 0000000140017680     libucrt:write.obj
 0002:000086a4       $unwind$_fcloseall         00000001400176a4     libucrt:closeall.obj
 0002:000086c8       $unwind$?__mbrtowc_utf8@__crt_mbstring@@YA_KPEA_WPEBD_KPEAU_Mbstatet@@@Z 00000001400176c8     libucrt:mbrtowc.obj
 0002:000086d0       $unwind$?__mbsrtowcs_utf8@__crt_mbstring@@YA_KPEA_WPEAPEBD_KPEAU_Mbstatet@@@Z 00000001400176d0     libucrt:mbrtowc.obj
 0002:000086e8       $xdatasym                  00000001400176e8     libucrt:fpsr.obj
 0002:000086f0       $unwind$_putwch_nolock     00000001400176f0     libucrt:putwch.obj
 0002:000086f8       $unwind$fclose             00000001400176f8     libucrt:fclose.obj
 0002:0000871c       $unwind$?__mbrtoc32_utf8@__crt_mbstring@@YA_KPEA_UPEBD_KPEAU_Mbstatet@@@Z 000000014001771c     libucrt:mbrtoc32.obj
 0002:00008738       $xdatasym                  0000000140017738     libucrt:log10.obj
 0002:00008744       $unwind$??$?RV<lambda_751a882b2c74d4b022dec766aa51a29a>@@AEAV<lambda_628dfdc04ba53c8bfc02c9951375f3f5>@@V<lambda_f6c7be5f7998530c34de24c7437d6b54>@@@?$__crt_seh_guarded_call@H@@QEAAH$$QEAV<lambda_751a882b2c74d4b022dec766aa51a29a>@@AEAV<lambda_628dfdc04ba53c8bfc02c9951375f3f5>@@$$QEAV<lambda_f6c7be5f7998530c34de24c7437d6b54>@@@Z 0000000140017744     libucrt:close.obj
 0002:00008768       $unwind$__acrt_initialize_fma3 0000000140017768     libucrt:fma3_available.obj
 0002:00008770       $unwind$_log_special_common 0000000140017770     libucrt:log_special.obj
 0002:0000877c       $unwind$_IsNonwritableInCurrentImage 000000014001777c     LIBCMT:pesect.obj
 0002:000087a0       $xdatasym                  00000001400177a0     LIBCMT:chkstk.obj
 0002:000087a8       $xdatasym                  00000001400177a8     libvcruntime:memcmp.obj
 0002:00008b80       .idata$6                   0000000140017b80     user32:USER32.dll
 0002:00008b9c       .idata$6                   0000000140017b9c     Gdi32:GDI32.dll
 0002:00008bb8       .idata$6                   0000000140017bb8     Winmm:WINMM.dll
 0002:00008db8       .idata$6                   0000000140017db8     kernel32:KERNEL32.dll
 0003:00000000       ?A_Button@@3PAEA           0000000140019000     win32_main.obj
 0003:00000c60       ?B_Button@@3PAEA           0000000140019c60     win32_main.obj
 0003:000018c0       ?C_Button@@3PAEA           000000014001a8c0     win32_main.obj
 0003:00002520       ?A_Press@@3PAEA            000000014001b520     win32_main.obj
 0003:00003180       ?B_Press@@3PAEA            000000014001c180     win32_main.obj
 0003:00003de0       ?C_Press@@3PAEA            000000014001cde0     win32_main.obj
 0003:00004a40       ?S_Press@@3PAEA            000000014001da40     win32_main.obj
 0003:000056a0       ?Dpad_Image@@3PAEA         000000014001e6a0     win32_main.obj
 0003:00006300       ?Direction_1@@3PAEA        000000014001f300     win32_main.obj
 0003:00006f60       ?Direction_2@@3PAEA        000000014001ff60     win32_main.obj
 0003:00007bc0       ?Direction_3@@3PAEA        0000000140020bc0     win32_main.obj
 0003:00008820       ?Direction_4@@3PAEA        0000000140021820     win32_main.obj
 0003:00009480       ?Direction_5@@3PAEA        0000000140022480     win32_main.obj
 0003:0000a0e0       ?Direction_6@@3PAEA        00000001400230e0     win32_main.obj
 0003:0000ad40       ?Direction_7@@3PAEA        0000000140023d40     win32_main.obj
 0003:0000b9a0       ?Direction_8@@3PAEA        00000001400249a0     win32_main.obj
 0003:0000c640       ?__vcrt_flsindex@@3KA      0000000140025640     libvcruntime:per_thread_data.obj
 0003:0000c660       ?__acrt_flsindex@@3KA      0000000140025660     libucrt:per_thread_data.obj
 0003:0000c664       ?errno_no_memory@@3HA      0000000140025664     libucrt:errno.obj
 0003:0000c668       ?doserrno_no_memory@@3KA   0000000140025668     libucrt:errno.obj
 0003:0000c8a0       _mbctypes                  00000001400258a0     libucrt:mbctype.obj
 0003:0000c9b0       _mbcasemaps                00000001400259b0     libucrt:mbctype.obj
 0003:0000cab0       ?__rgctypeflag@@3PADA      0000000140025ab0     libucrt:mbctype.obj
 0003:0000cac0       ?__rgcode_page_info@@3PAUcode_page_info@@A 0000000140025ac0     libucrt:mbctype.obj
 0003:0000ced8       ?dazSupported@?1??_ctrlfp@@9@9 0000000140025ed8     libucrt:fpctrl.obj
 0003:0000cfe0       ?__dcrt_lowio_console_output_handle@@3PEAXEA 0000000140025fe0     libucrt:initcon.obj
 0003:0000cff0       ?GlobalRunning@@3HA        0000000140025ff0     win32_main.obj
 0003:0000cff8       ?Win32BackBuffer@@3PEAUwin32_offscreen_buffer@@EA 0000000140025ff8     win32_main.obj
 0003:0000d000       ?Win32Keyboard@@3PAUkeyboard_input@@A 0000000140026000     win32_main.obj
 0003:0000d090       GS_ExceptionRecord         0000000140026090     LIBCMT:gs_report.obj
 0003:0000d130       GS_ContextRecord           0000000140026130     LIBCMT:gs_report.obj
 0003:0000d610       ?is_initialized_as_dll@@3_NA 0000000140026610     LIBCMT:utility.obj
 0003:0000d611       ?module_local_atexit_table_initialized@@3_NA 0000000140026611     LIBCMT:utility.obj
 0003:0000d618       ?module_local_atexit_table@@3U_onexit_table_t@@A 0000000140026618     LIBCMT:utility.obj
 0003:0000d630       ?module_local_at_quick_exit_table@@3U_onexit_table_t@@A 0000000140026630     LIBCMT:utility.obj
 0003:0000d690       ?__vcrt_startup_thread_ptd@@3U__vcrt_ptd@@A 0000000140026690     libvcruntime:per_thread_data.obj
 0003:0000d710       __vcrt_lock_table          0000000140026710     libvcruntime:locks.obj
 0003:0000d738       __vcrt_locks_initialized   0000000140026738     libvcruntime:locks.obj
 0003:0000d780       ?heap@@3V_HeapManager@@A   0000000140026780     libvcruntime:undname.obj
 0003:0000d7a8       ?module_handles@@3PAPEAUHINSTANCE__@@A 00000001400267a8     libvcruntime:winapi_downlevel.obj
 0003:0000d7c0       ?function_pointers@@3PAPEAXA 00000001400267c0     libvcruntime:winapi_downlevel.obj
 0003:0000d7f0       ?__acrt_app_type@@3W4_crt_app_type@@A 00000001400267f0     libucrt:report_runtime_error.obj
 0003:0000d7f8       ?user_matherr@@3V?$dual_state_global@P6AHPEAU_exception@@@Z@__crt_state_management@@A 00000001400267f8     libucrt:matherr.obj
 0003:0000d800       ?program_name@?1???$common_configure_argv@D@@YAHW4_crt_argv_mode@@@Z@4PADA 0000000140026800     libucrt:argv_parsing.obj
 0003:0000d928       ?empty_string@?1???$common_wincmdln@E@@YAPEAEXZ@4PAEA 0000000140026928     libucrt:argv_winmain.obj
 0003:0000d92c       ?c_termination_complete@@3JA 000000014002692c     libucrt:exit.obj
 0003:0000d930       ?thread_local_exit_callback_func@@3P6AXPEAXK0@ZEA 0000000140026930     libucrt:exit.obj
 0003:0000d940       ?__acrt_global_new_mode@@3V?$dual_state_global@J@__crt_state_management@@A 0000000140026940     libucrt:new_mode.obj
 0003:0000d978       ?__acrt_invalid_parameter_handler@@3V?$dual_state_global@P6AXPEB_W00I_K@Z@__crt_state_management@@A 0000000140026978     libucrt:invalid_parameter.obj
 0003:0000d998       ?fSystemSet@@3HA           0000000140026998     libucrt:mbctype.obj
 0003:0000d99c       ?initialized@?1??__acrt_initialize_multibyte@@9@4_NA 000000014002699c     libucrt:mbctype.obj
 0003:0000d9d0       ?__acrt_lock_table@@3PAU_RTL_CRITICAL_SECTION@@A 00000001400269d0     libucrt:locks.obj
 0003:0000dc00       ?__acrt_locks_initialized@@3IA 0000000140026c00     libucrt:locks.obj
 0003:0000e020       ?module_handles@@3PAPEAUHINSTANCE__@@A 0000000140027020     libucrt:winapi_thunks.obj
 0003:0000e0c0       ?encoded_function_pointers@@3PAPEAXA 00000001400270c0     libucrt:winapi_thunks.obj
 0003:0000e1e0       ?__acrt_new_handler@@3V?$dual_state_global@P6AH_K@Z@__crt_state_management@@A 00000001400271e0     libucrt:new_handler.obj
 0003:0000e1e8       ?ctrlc_action@@3V?$dual_state_global@P6AXH@Z@__crt_state_management@@A 00000001400271e8     libucrt:signal.obj
 0003:0000e1f0       ?ctrlbreak_action@@3V?$dual_state_global@P6AXH@Z@__crt_state_management@@A 00000001400271f0     libucrt:signal.obj
 0003:0000e1f8       ?abort_action@@3V?$dual_state_global@P6AXH@Z@__crt_state_management@@A 00000001400271f8     libucrt:signal.obj
 0003:0000e200       ?term_action@@3V?$dual_state_global@P6AXH@Z@__crt_state_management@@A 0000000140027200     libucrt:signal.obj
 0003:0000e228       ?internal_state@?1??_mbtowc_l@@9@4U_Mbstatet@@A 0000000140027228     libucrt:mbtowc.obj
 0003:0000e230       ?internal_pst@?1??__mbrtoc32_utf8@__crt_mbstring@@YA_KPEA_UPEBD_KPEAU_Mbstatet@@@Z@4U3@A 0000000140027230     libucrt:mbrtoc32.obj
 0005:00000000       MsetTab                    0000000140029000     libvcruntime:memset.obj
 0005:00000050       MoveSmall                  0000000140029050     libvcruntime:memcpy.obj
 0005:00000090       MoveSmallYmm               0000000140029090     libvcruntime:memcpy.obj
 0005:000000b4       MoveSmallYmmNT             00000001400290b4     libvcruntime:memcpy.obj
 0005:000000d8       MoveSmallXmm               00000001400290d8     libvcruntime:memcpy.obj
